Archive member included to satisfy reference by file (symbol)

/opt/devkitpro/libctru/lib/libcitro2d.a(base.o)
                              Game.o (C2D_Init)
/opt/devkitpro/libctru/lib/libcitro2d.a(text.o)
                              Game.o (C2D_TextBufNew)
/opt/devkitpro/libctru/lib/libcitro2d.a(font.o)
                              Game.o (C2D_FontFree)
/opt/devkitpro/libctru/lib/libcitro2d.a(render2d.shbin.o)
                              /opt/devkitpro/libctru/lib/libcitro2d.a(base.o) (render2d_shbin)
/opt/devkitpro/libctru/lib/libcitro3d.a(base.o)
                              Game.o (C3D_Init)
/opt/devkitpro/libctru/lib/libcitro3d.a(renderqueue.o)
                              /opt/devkitpro/libctru/lib/libcitro3d.a(base.o) (C3Di_RenderQueueEnableVBlank)
/opt/devkitpro/libctru/lib/libcitro3d.a(texture.o)
                              /opt/devkitpro/libctru/lib/libcitro2d.a(base.o) (C3D_TexBind)
/opt/devkitpro/libctru/lib/libcitro3d.a(framebuffer.o)
                              /opt/devkitpro/libctru/lib/libcitro3d.a(renderqueue.o) (C3D_CalcColorBufSize)
/opt/devkitpro/libctru/lib/libcitro3d.a(texenv.o)
                              /opt/devkitpro/libctru/lib/libcitro2d.a(base.o) (C3D_GetTexEnv)
/opt/devkitpro/libctru/lib/libcitro3d.a(proctex.o)
                              /opt/devkitpro/libctru/lib/libcitro2d.a(base.o) (C3D_ProcTexInit)
/opt/devkitpro/libctru/lib/libcitro3d.a(buffers.o)
                              /opt/devkitpro/libctru/lib/libcitro2d.a(base.o) (BufInfo_Init)
/opt/devkitpro/libctru/lib/libcitro3d.a(drawArrays.o)
                              /opt/devkitpro/libctru/lib/libcitro2d.a(base.o) (C3D_DrawArrays)
/opt/devkitpro/libctru/lib/libcitro3d.a(effect.o)
                              /opt/devkitpro/libctru/lib/libcitro3d.a(base.o) (C3D_DepthMap)
/opt/devkitpro/libctru/lib/libcitro3d.a(attribs.o)
                              /opt/devkitpro/libctru/lib/libcitro2d.a(base.o) (AttrInfo_Init)
/opt/devkitpro/libctru/lib/libcitro3d.a(immediate.o)
                              /opt/devkitpro/libctru/lib/libcitro3d.a(base.o) (C3D_ImmSendAttrib)
/opt/devkitpro/libctru/lib/libcitro3d.a(uniforms.o)
                              /opt/devkitpro/libctru/lib/libcitro3d.a(base.o) (C3D_UpdateUniforms)
/opt/devkitpro/libctru/lib/libcitro3d.a(mtx_ortho.o)
                              /opt/devkitpro/libctru/lib/libcitro2d.a(base.o) (Mtx_Ortho)
/opt/devkitpro/libctru/lib/libcitro3d.a(mtx_scale.o)
                              /opt/devkitpro/libctru/lib/libcitro2d.a(base.o) (Mtx_Scale)
/opt/devkitpro/libctru/lib/libcitro3d.a(mtx_multiply.o)
                              /opt/devkitpro/libctru/lib/libcitro2d.a(base.o) (Mtx_Multiply)
/opt/devkitpro/libctru/lib/libcitro3d.a(mtx_orthotilt.o)
                              /opt/devkitpro/libctru/lib/libcitro2d.a(base.o) (Mtx_OrthoTilt)
/opt/devkitpro/libctru/lib/libcitro3d.a(mtx_translate.o)
                              /opt/devkitpro/libctru/lib/libcitro2d.a(base.o) (Mtx_Translate)
/opt/devkitpro/libctru/lib/libcitro3d.a(mtx_rotatez.o)
                              /opt/devkitpro/libctru/lib/libcitro2d.a(base.o) (Mtx_RotateZ)
/opt/devkitpro/libctru/lib/libctru.a(vram.o)
                              /opt/devkitpro/libctru/lib/libcitro3d.a(renderqueue.o) (vramAlloc)
/opt/devkitpro/libctru/lib/libctru.a(linear.o)
                              /opt/devkitpro/libctru/lib/libcitro2d.a(base.o) (linearAlloc)
/opt/devkitpro/libctru/lib/libctru.a(mem_pool.o)
                              /opt/devkitpro/libctru/lib/libctru.a(vram.o) (MemPool::Allocate(MemChunk&, unsigned long, int))
/opt/devkitpro/libctru/lib/libctru.a(romfs_dev.o)
                              Game.o (romfsMountSelf)
/opt/devkitpro/libctru/lib/libctru.a(os.o)
                              /opt/devkitpro/libctru/lib/libcitro3d.a(texture.o) (osConvertVirtToPhys)
/opt/devkitpro/libctru/lib/libctru.a(path_buf.o)
                              /opt/devkitpro/libctru/lib/libctru.a(romfs_dev.o) (__ctru_dev_utf16_buf)
/opt/devkitpro/libctru/lib/libctru.a(font.o)
                              /opt/devkitpro/libctru/lib/libcitro2d.a(text.o) (fontEnsureMapped)
/opt/devkitpro/libctru/lib/libctru.a(gfx.o)
                              /opt/devkitpro/libctru/lib/libcitro2d.a(base.o) (gfxIsWide)
/opt/devkitpro/libctru/lib/libctru.a(shaderProgram.o)
                              /opt/devkitpro/libctru/lib/libcitro2d.a(base.o) (shaderInstanceGetUniformLocation)
/opt/devkitpro/libctru/lib/libctru.a(shbin.o)
                              /opt/devkitpro/libctru/lib/libcitro2d.a(base.o) (DVLB_ParseFile)
/opt/devkitpro/libctru/lib/libctru.a(gx.o)
                              /opt/devkitpro/libctru/lib/libcitro3d.a(renderqueue.o) (GX_BindQueue)
/opt/devkitpro/libctru/lib/libctru.a(gxqueue.o)
                              /opt/devkitpro/libctru/lib/libcitro3d.a(renderqueue.o) (gxCmdQueueClear)
/opt/devkitpro/libctru/lib/libctru.a(gpu.o)
[...]
Memory Configuration

Name             Origin             Length             Attributes
*default*        0x0000000000000000 0xffffffffffffffff

Linker script and memory map

                0x0000000000100000                PROVIDE (__start__ = 0x100000)
                0x0000000000100000                . = __start__

.text           0x0000000000100000    0x2400c
 *(.crt0)
 .crt0          0x0000000000100000       0x94 /opt/devkitpro/devkitARM/bin/../lib/gcc/arm-none-eabi/11.1.0/../../../../arm-none-eabi/lib/armv6k/fpu/3dsx_crt0.o
                0x0000000000100000                _start
                0x0000000000100008                __service_ptr
                0x000000000010000c                __apt_appid
                0x0000000000100010                __heap_size
                0x0000000000100014                __linear_heap_size
                0x0000000000100018                __system_arglist
                0x000000000010001c                __system_runflags
 *(.init)
 .init          0x0000000000100094        0xc /opt/devkitpro/devkitARM/bin/../lib/gcc/arm-none-eabi/11.1.0/armv6k/fpu/crti.o
                0x0000000000100094                _init
 .init          0x00000000001000a0        0xc /opt/devkitpro/devkitARM/bin/../lib/gcc/arm-none-eabi/11.1.0/armv6k/fpu/crtn.o
                0x00000000001000ac                . = ALIGN (0x4)
 *(.text)
 .text          0x00000000001000ac      0x20c /opt/devkitpro/devkitARM/bin/../lib/gcc/arm-none-eabi/11.1.0/armv6k/fpu/libgcc.a(_udivsi3.o)
                0x00000000001000ac                __udivsi3
                0x00000000001000ac                __aeabi_uidiv
                0x0000000000100298                __aeabi_uidivmod
 .text          0x00000000001002b8      0x240 /opt/devkitpro/devkitARM/bin/../lib/gcc/arm-none-eabi/11.1.0/armv6k/fpu/libgcc.a(_divsi3.o)
                0x00000000001002b8                __aeabi_idiv
                0x00000000001002b8                __divsi3
                0x00000000001004d8                __aeabi_idivmod
 .text          0x00000000001004f8        0x4 /opt/devkitpro/devkitARM/bin/../lib/gcc/arm-none-eabi/11.1.0/armv6k/fpu/libgcc.a(_dvmd_tls.o)
                0x00000000001004f8                __aeabi_ldiv0
                0x00000000001004f8                __aeabi_idiv0
 .text          0x00000000001004fc       0xd4 /opt/devkitpro/devkitARM/bin/../lib/gcc/arm-none-eabi/11.1.0/armv6k/fpu/libgcc.a(_aeabi_ldivmod.o)
                0x00000000001004fc                __aeabi_ldivmod
 .text          0x00000000001005d0       0x3c /opt/devkitpro/devkitARM/bin/../lib/gcc/arm-none-eabi/11.1.0/armv6k/fpu/libgcc.a(_aeabi_uldivmod.o)
                0x00000000001005d0                __aeabi_uldivmod
 *fill*         0x000000000010060c       0x14 
 .text          0x0000000000100620      0x390 /opt/devkitpro/devkitARM/bin/../lib/gcc/arm-none-eabi/11.1.0/../../../../arm-none-eabi/lib/armv6k/fpu/libg.a(lib_a-strcmp.o)
                0x0000000000100628                strcmp
 *(.text.*)
 .text.__do_global_dtors_aux
                0x00000000001009b0       0x40 /opt/devkitpro/devkitARM/bin/../lib/gcc/arm-none-eabi/11.1.0/armv6k/fpu/crtbegin.o
 .text.frame_dummy
                0x00000000001009f0       0x2c /opt/devkitpro/devkitARM/bin/../lib/gcc/arm-none-eabi/11.1.0/armv6k/fpu/crtbegin.o
 .text.SetVector2f
                0x0000000000100a1c        0xc Math.o
                0x0000000000100a1c                SetVector2f
 .text.Largest  0x0000000000100a28       0x30 Math.o
                0x0000000000100a28                Largest
 .text.Smallest
                0x0000000000100a58       0x30 Math.o
                0x0000000000100a58                Smallest
 .text.InitBullet
                0x0000000000100a88       0x34 Bullet.o
                0x0000000000100a88                InitBullet
 *fill*         0x0000000000100abc        0x4 
 .text.MoveBullet
                0x0000000000100ac0       0x94 Bullet.o
                0x0000000000100ac0                MoveBullet
 .text.InitPlayer
                0x0000000000100b54       0x4c Player.o
                0x0000000000100b54                InitPlayer
 .text.TeleportPlayer
                0x0000000000100ba0      0x17c Player.o
                0x0000000000100ba0                TeleportPlayer
 *fill*         0x0000000000100d1c        0x4 
 .text.MovePlayer
                0x0000000000100d20      0x180 Player.o
                0x0000000000100d20                MovePlayer
 .text.SpawnBullet
                0x0000000000100ea0       0x78 Player.o
                0x0000000000100ea0                SpawnBullet
 .text.DestroyBullet
                0x0000000000100f18      0x174 Player.o
                0x0000000000100f18                DestroyBullet
 .text.InitEntity
                0x000000000010108c       0x44 Entity.o
                0x000000000010108c                InitEntity
 .text.EntityOnEntity
                0x00000000001010d0      0x1b4 Entity.o
                0x00000000001010d0                EntityOnEntity
 .text.startup.main
                0x0000000000101284      0x158 main.o
                0x0000000000101284                main
 .text.InitButton
                0x00000000001013dc       0x78 Button.o
                0x00000000001013dc                InitButton
 .text.DrawButton
                0x0000000000101454       0x98 Button.o
                0x0000000000101454                DrawButton
 .text.LineByLineCollsion
                0x00000000001014ec       0x8c Collision.o
                0x00000000001014ec                LineByLineCollsion
 .text.InitEnemy
                0x0000000000101578       0x7c Enemy.o
                0x0000000000101578                InitEnemy
 .text.MoveEnemy
                0x00000000001015f4       0x38 Enemy.o
                0x00000000001015f4                MoveEnemy
 .text.TeleportEnemy
                0x000000000010162c      0x238 Enemy.o
                0x000000000010162c                TeleportEnemy
 .text.RotateEnemy
                0x0000000000101864       0xa4 Enemy.o
                0x0000000000101864                RotateEnemy
 .text.MoveHitEnemy
                0x0000000000101908      0x134 Enemy.o
                0x0000000000101908                MoveHitEnemy
 .text.DrawRotatedTriangle
                0x0000000000101a3c      0x118 Rotated.o
                0x0000000000101a3c                DrawRotatedTriangle
 .text.InitGame
                0x0000000000101b54      0x7f4 Game.o
                0x0000000000101b54                InitGame
 .text.StateMainMenu
                0x0000000000102348      0x2c8 Game.o
                0x0000000000102348                StateMainMenu
 .text.StateCreditsMenu
                0x0000000000102610      0x1ec Game.o
                0x0000000000102610                StateCreditsMenu
 *fill*         0x00000000001027fc        0x4 
 .text.StateGame
                0x0000000000102800      0x70c Game.o
                0x0000000000102800                StateGame
 *fill*         0x0000000000102f0c        0x4 
 .text.StatePause
                0x0000000000102f10      0x39c Game.o
                0x0000000000102f10                StatePause
 .text.LoseHealth
                0x00000000001032ac      0x238 Game.o
                0x00000000001032ac                LoseHealth
 .text.RestartGame
                0x00000000001034e4      0x244 Game.o
                0x00000000001034e4                RestartGame
 .text.StateGameOver
                0x0000000000103728      0x458 Game.o
                0x0000000000103728                StateGameOver
 .text.Input    0x0000000000103b80       0x18 Game.o
                0x0000000000103b80                Input
 .text.ButtonDown
                0x0000000000103b98       0x14 Game.o
                0x0000000000103b98                ButtonDown
 .text.ButtonHeld
                0x0000000000103bac       0x14 Game.o
                0x0000000000103bac                ButtonHeld
 .text.DeInitGame
                0x0000000000103bc0       0x5c Game.o
                0x0000000000103bc0                DeInitGame
 .text.C2Di_FrameEndHook
                0x0000000000103c1c       0x34 /opt/devkitpro/libctru/lib/libcitro2d.a(base.o)
 .text.C2D_Init
                0x0000000000103c50      0x330 /opt/devkitpro/libctru/lib/libcitro2d.a(base.o)
                0x0000000000103c50                C2D_Init
 .text.C2D_Fini
                0x0000000000103f80       0x44 /opt/devkitpro/libctru/lib/libcitro2d.a(base.o)
                0x0000000000103f80                C2D_Fini
 .text.C2D_Prepare
                0x0000000000103fc4       0xd0 /opt/devkitpro/libctru/lib/libcitro2d.a(base.o)
                0x0000000000103fc4                C2D_Prepare
 .text.C2D_Flush
                0x0000000000104094       0x3c /opt/devkitpro/libctru/lib/libcitro2d.a(base.o)
                0x0000000000104094                C2D_Flush
 .text.C2D_SceneSize
                0x00000000001040d0      0x108 /opt/devkitpro/libctru/lib/libcitro2d.a(base.o)
                0x00000000001040d0                C2D_SceneSize
 .text.C2D_CreateScreenTarget
                0x00000000001041d8       0x58 /opt/devkitpro/libctru/lib/libcitro2d.a(base.o)
                0x00000000001041d8                C2D_CreateScreenTarget
 .text.C2D_TargetClear
                0x0000000000104230       0x58 /opt/devkitpro/libctru/lib/libcitro2d.a(base.o)
                0x0000000000104230                C2D_TargetClear
 .text.C2Di_AppendVtx
                0x0000000000104288       0x40 /opt/devkitpro/libctru/lib/libcitro2d.a(base.o)
                0x0000000000104288                C2Di_AppendVtx
 .text.C2Di_Update
                0x00000000001042c8      0x22c /opt/devkitpro/libctru/lib/libcitro2d.a(base.o)
                0x00000000001042c8                C2Di_Update
 .text.C2D_DrawTriangle
                0x00000000001044f4      0x134 /opt/devkitpro/libctru/lib/libcitro2d.a(base.o)
                0x00000000001044f4                C2D_DrawTriangle
 .text.C2D_DrawRectangle
                0x0000000000104628      0x1b0 /opt/devkitpro/libctru/lib/libcitro2d.a(base.o)
                0x0000000000104628                C2D_DrawRectangle
 .text.C2Di_GlyphComp
                0x00000000001047d8       0x18 /opt/devkitpro/libctru/lib/libcitro2d.a(text.o)
 .text.C2Di_CalcLineWidths
                0x00000000001047f0      0x140 /opt/devkitpro/libctru/lib/libcitro2d.a(text.o)
 .text.C2D_TextBufNew
                0x0000000000104930      0x1d0 /opt/devkitpro/libctru/lib/libcitro2d.a(text.o)
                0x0000000000104930                C2D_TextBufNew
 .text.C2D_TextBufDelete
                0x0000000000104b00        0x4 /opt/devkitpro/libctru/lib/libcitro2d.a(text.o)
                0x0000000000104b00                C2D_TextBufDelete
 .text.C2D_TextBufClear
                0x0000000000104b04        0xc /opt/devkitpro/libctru/lib/libcitro2d.a(text.o)
                0x0000000000104b04                C2D_TextBufClear
 .text.C2D_TextFontParseLine
                0x0000000000104b10      0x1c8 /opt/devkitpro/libctru/lib/libcitro2d.a(text.o)
                0x0000000000104b10                C2D_TextFontParseLine
 .text.C2D_TextFontParse
                0x0000000000104cd8       0xa8 /opt/devkitpro/libctru/lib/libcitro2d.a(text.o)
                0x0000000000104cd8                C2D_TextFontParse
 .text.C2D_TextOptimize
                0x0000000000104d80       0x30 /opt/devkitpro/libctru/lib/libcitro2d.a(text.o)
                0x0000000000104d80                C2D_TextOptimize
 .text.C2D_DrawText
                0x0000000000104db0     0x10d4 /opt/devkitpro/libctru/lib/libcitro2d.a(text.o)
                0x0000000000104db0                C2D_DrawText
 .text.C2D_FontFree
                0x0000000000105e84       0x28 /opt/devkitpro/libctru/lib/libcitro2d.a(font.o)
                0x0000000000105e84                C2D_FontFree
 .text.C2Di_PostLoadFont
                0x0000000000105eac       0xf0 /opt/devkitpro/libctru/lib/libcitro2d.a(font.o)
 .text.C2D_FontLoadFromHandle
                0x0000000000105f9c       0xb4 /opt/devkitpro/libctru/lib/libcitro2d.a(font.o)
                0x0000000000105f9c                C2D_FontLoadFromHandle
 .text.C2D_FontLoad
                0x0000000000106050       0x34 /opt/devkitpro/libctru/lib/libcitro2d.a(font.o)
                0x0000000000106050                C2D_FontLoad
 .text.C2D_FontGlyphIndexFromCodePoint
                0x0000000000106084       0x44 /opt/devkitpro/libctru/lib/libcitro2d.a(font.o)
                0x0000000000106084                C2D_FontGlyphIndexFromCodePoint
 .text.C2D_FontCalcGlyphPos
                0x00000000001060c8       0x78 /opt/devkitpro/libctru/lib/libcitro2d.a(font.o)
                0x00000000001060c8                C2D_FontCalcGlyphPos
 .text.C3Di_LightEnvUpdate
                0x0000000000106140        0x4 /opt/devkitpro/libctru/lib/libcitro3d.a(base.o)
                0x0000000000106140                C3Di_LightEnvUpdate
 .text.C3Di_LightEnvDirty
                0x0000000000106144        0x4 /opt/devkitpro/libctru/lib/libcitro3d.a(base.o)
                0x0000000000106144                C3Di_LightEnvDirty
 .text.C3Di_AptEventHook
                0x0000000000106148       0xb4 /opt/devkitpro/libctru/lib/libcitro3d.a(base.o)
 .text.C3Di_GasUpdate
                0x00000000001061fc        0x4 /opt/devkitpro/libctru/lib/libcitro3d.a(base.o)
                0x00000000001061fc                C3Di_GasUpdate
 .text.C3D_Init
                0x0000000000106200      0x1e0 /opt/devkitpro/libctru/lib/libcitro3d.a(base.o)
                0x0000000000106200                C3D_Init
 .text.C3D_SetViewport
                0x00000000001063e0       0x98 /opt/devkitpro/libctru/lib/libcitro3d.a(base.o)
                0x00000000001063e0                C3D_SetViewport
 .text.C3Di_UpdateContext
                0x0000000000106478      0x4ec /opt/devkitpro/libctru/lib/libcitro3d.a(base.o)
                0x0000000000106478                C3Di_UpdateContext
 .text.C3Di_SplitFrame
                0x0000000000106964       0xe0 /opt/devkitpro/libctru/lib/libcitro3d.a(base.o)
                0x0000000000106964                C3Di_SplitFrame
 .text.C3D_Fini
                0x0000000000106a44       0x44 /opt/devkitpro/libctru/lib/libcitro3d.a(base.o)
                0x0000000000106a44                C3D_Fini
 .text.C3D_BindProgram
                0x0000000000106a88      0x108 /opt/devkitpro/libctru/lib/libcitro3d.a(base.o)
                0x0000000000106a88                C3D_BindProgram
 .text.onVBlank0
                0x0000000000106b90       0x4c /opt/devkitpro/libctru/lib/libcitro3d.a(renderqueue.o)
 .text.onVBlank1
                0x0000000000106bdc       0x4c /opt/devkitpro/libctru/lib/libcitro3d.a(renderqueue.o)
 .text.C3Di_RenderTargetDestroy
                0x0000000000106c28       0x80 /opt/devkitpro/libctru/lib/libcitro3d.a(renderqueue.o)
 .text.onQueueFinish
                0x0000000000106ca8       0xf4 /opt/devkitpro/libctru/lib/libcitro3d.a(renderqueue.o)
 .text.C3Di_RenderQueueEnableVBlank
                0x0000000000106d9c       0x38 /opt/devkitpro/libctru/lib/libcitro3d.a(renderqueue.o)
                0x0000000000106d9c                C3Di_RenderQueueEnableVBlank
 .text.C3Di_RenderQueueDisableVBlank
                0x0000000000106dd4       0x30 /opt/devkitpro/libctru/lib/libcitro3d.a(renderqueue.o)
                0x0000000000106dd4                C3Di_RenderQueueDisableVBlank
 .text.C3Di_RenderQueueInit
                0x0000000000106e04       0x60 /opt/devkitpro/libctru/lib/libcitro3d.a(renderqueue.o)
                0x0000000000106e04                C3Di_RenderQueueInit
 .text.C3Di_RenderQueueExit
                0x0000000000106e64       0xb0 /opt/devkitpro/libctru/lib/libcitro3d.a(renderqueue.o)
                0x0000000000106e64                C3Di_RenderQueueExit
 .text.C3Di_RenderQueueWaitDone
                0x0000000000106f14       0x34 /opt/devkitpro/libctru/lib/libcitro3d.a(renderqueue.o)
                0x0000000000106f14                C3Di_RenderQueueWaitDone
 .text.C3D_FrameBegin
                0x0000000000106f48       0xe4 /opt/devkitpro/libctru/lib/libcitro3d.a(renderqueue.o)
                0x0000000000106f48                C3D_FrameBegin
 .text.C3D_FrameDrawOn
                0x000000000010702c       0x48 /opt/devkitpro/libctru/lib/libcitro3d.a(renderqueue.o)
                0x000000000010702c                C3D_FrameDrawOn
 .text.C3D_FrameSplit
                0x0000000000107074       0x58 /opt/devkitpro/libctru/lib/libcitro3d.a(renderqueue.o)
                0x0000000000107074                C3D_FrameSplit
 .text.C3D_FrameEnd
                0x00000000001070cc      0x1d8 /opt/devkitpro/libctru/lib/libcitro3d.a(renderqueue.o)
                0x00000000001070cc                C3D_FrameEnd
 .text.C3D_FrameEndHook
                0x00000000001072a4       0x1c /opt/devkitpro/libctru/lib/libcitro3d.a(renderqueue.o)
                0x00000000001072a4                C3D_FrameEndHook
 .text.C3D_RenderTargetCreate
                0x00000000001072c0      0x128 /opt/devkitpro/libctru/lib/libcitro3d.a(renderqueue.o)
                0x00000000001072c0                C3D_RenderTargetCreate
 .text.C3D_RenderTargetSetOutput
                0x00000000001073e8       0xa8 /opt/devkitpro/libctru/lib/libcitro3d.a(renderqueue.o)
                0x00000000001073e8                C3D_RenderTargetSetOutput
 .text.C3D_TexBind
                0x0000000000107490       0x44 /opt/devkitpro/libctru/lib/libcitro3d.a(texture.o)
                0x0000000000107490                C3D_TexBind
 .text.C3Di_SetTex
                0x00000000001074d4      0x16c /opt/devkitpro/libctru/lib/libcitro3d.a(texture.o)
                0x00000000001074d4                C3Di_SetTex
 .text.C3D_CalcColorBufSize
                0x0000000000107640       0x1c /opt/devkitpro/libctru/lib/libcitro3d.a(framebuffer.o)
                0x0000000000107640                C3D_CalcColorBufSize
 .text.C3D_CalcDepthBufSize
                0x000000000010765c       0x1c /opt/devkitpro/libctru/lib/libcitro3d.a(framebuffer.o)
                0x000000000010765c                C3D_CalcDepthBufSize
 .text.C3D_SetFrameBuf
                0x0000000000107678       0x44 /opt/devkitpro/libctru/lib/libcitro3d.a(framebuffer.o)
                0x0000000000107678                C3D_SetFrameBuf
 .text.C3Di_FrameBufBind
                0x00000000001076bc      0x16c /opt/devkitpro/libctru/lib/libcitro3d.a(framebuffer.o)
                0x00000000001076bc                C3Di_FrameBufBind
 .text.C3D_FrameBufClear
                0x0000000000107828       0xcc /opt/devkitpro/libctru/lib/libcitro3d.a(framebuffer.o)
                0x0000000000107828                C3D_FrameBufClear
 .text.C3D_FrameBufTransfer
                0x00000000001078f4       0x44 /opt/devkitpro/libctru/lib/libcitro3d.a(framebuffer.o)
                0x00000000001078f4                C3D_FrameBufTransfer
 .text.C3D_GetTexEnv
                0x0000000000107938       0x34 /opt/devkitpro/libctru/lib/libcitro3d.a(texenv.o)
                0x0000000000107938                C3D_GetTexEnv
 .text.C3Di_TexEnvBind
                0x000000000010796c       0x24 /opt/devkitpro/libctru/lib/libcitro3d.a(texenv.o)
                0x000000000010796c                C3Di_TexEnvBind
 .text.C3D_ProcTexInit
                0x0000000000107990       0x70 /opt/devkitpro/libctru/lib/libcitro3d.a(proctex.o)
                0x0000000000107990                C3D_ProcTexInit
 .text.C3D_ProcTexBind
                0x0000000000107a00       0x54 /opt/devkitpro/libctru/lib/libcitro3d.a(proctex.o)
                0x0000000000107a00                C3D_ProcTexBind
 .text.C3D_ProcTexLutBind
                0x0000000000107a54       0x5c /opt/devkitpro/libctru/lib/libcitro3d.a(proctex.o)
                0x0000000000107a54                C3D_ProcTexLutBind
 .text.ProcTexLut_FromArray
                0x0000000000107ab0       0xa4 /opt/devkitpro/libctru/lib/libcitro3d.a(proctex.o)
                0x0000000000107ab0                ProcTexLut_FromArray
 .text.C3Di_ProcTexUpdate
                0x0000000000107b54      0x17c /opt/devkitpro/libctru/lib/libcitro3d.a(proctex.o)
                0x0000000000107b54                C3Di_ProcTexUpdate
 .text.C3Di_ProcTexDirty
                0x0000000000107cd0       0x68 /opt/devkitpro/libctru/lib/libcitro3d.a(proctex.o)
                0x0000000000107cd0                C3Di_ProcTexDirty
 .text.BufInfo_Init
                0x0000000000107d38       0x24 /opt/devkitpro/libctru/lib/libcitro3d.a(buffers.o)
                0x0000000000107d38                BufInfo_Init
 .text.BufInfo_Add
                0x0000000000107d5c       0x80 /opt/devkitpro/libctru/lib/libcitro3d.a(buffers.o)
                0x0000000000107d5c                BufInfo_Add
 .text.C3D_SetBufInfo
                0x0000000000107ddc       0x40 /opt/devkitpro/libctru/lib/libcitro3d.a(buffers.o)
                0x0000000000107ddc                C3D_SetBufInfo
 .text.C3Di_BufInfoBind
                0x0000000000107e1c       0x48 /opt/devkitpro/libctru/lib/libcitro3d.a(buffers.o)
                0x0000000000107e1c                C3Di_BufInfoBind
 .text.C3D_DrawArrays
                0x0000000000107e64      0x148 /opt/devkitpro/libctru/lib/libcitro3d.a(drawArrays.o)
                0x0000000000107e64                C3D_DrawArrays
 .text.C3D_DepthMap
                0x0000000000107fac       0x40 /opt/devkitpro/libctru/lib/libcitro3d.a(effect.o)
                0x0000000000107fac                C3D_DepthMap
 .text.C3D_CullFace
                0x0000000000107fec       0x1c /opt/devkitpro/libctru/lib/libcitro3d.a(effect.o)
                0x0000000000107fec                C3D_CullFace
 .text.C3D_StencilTest
                0x0000000000108008       0x40 /opt/devkitpro/libctru/lib/libcitro3d.a(effect.o)
                0x0000000000108008                C3D_StencilTest
 .text.C3D_StencilOp
                0x0000000000108048       0x24 /opt/devkitpro/libctru/lib/libcitro3d.a(effect.o)
                0x0000000000108048                C3D_StencilOp
 .text.C3D_BlendingColor
                0x000000000010806c       0x1c /opt/devkitpro/libctru/lib/libcitro3d.a(effect.o)
                0x000000000010806c                C3D_BlendingColor
 .text.C3D_EarlyDepthTest
                0x0000000000108088       0x24 /opt/devkitpro/libctru/lib/libcitro3d.a(effect.o)
                0x0000000000108088                C3D_EarlyDepthTest
 .text.C3D_DepthTest
                0x00000000001080ac       0x2c /opt/devkitpro/libctru/lib/libcitro3d.a(effect.o)
                0x00000000001080ac                C3D_DepthTest
 .text.C3D_AlphaTest
                0x00000000001080d8       0x2c /opt/devkitpro/libctru/lib/libcitro3d.a(effect.o)
                0x00000000001080d8                C3D_AlphaTest
 .text.C3D_AlphaBlend
                0x0000000000108104       0x50 /opt/devkitpro/libctru/lib/libcitro3d.a(effect.o)
                0x0000000000108104                C3D_AlphaBlend
 .text.C3D_FragOpMode
                0x0000000000108154       0x30 /opt/devkitpro/libctru/lib/libcitro3d.a(effect.o)
                0x0000000000108154                C3D_FragOpMode
 .text.C3D_FragOpShadow
                0x0000000000108184       0x44 /opt/devkitpro/libctru/lib/libcitro3d.a(effect.o)
                0x0000000000108184                C3D_FragOpShadow
 .text.C3Di_EffectBind
                0x00000000001081c8      0x1ac /opt/devkitpro/libctru/lib/libcitro3d.a(effect.o)
                0x00000000001081c8                C3Di_EffectBind
 .text.AttrInfo_Init
                0x0000000000108374       0x28 /opt/devkitpro/libctru/lib/libcitro3d.a(attribs.o)
                0x0000000000108374                AttrInfo_Init
 .text.AttrInfo_AddLoader
                0x000000000010839c       0x98 /opt/devkitpro/libctru/lib/libcitro3d.a(attribs.o)
                0x000000000010839c                AttrInfo_AddLoader
 .text.C3D_SetAttrInfo
                0x0000000000108434       0x54 /opt/devkitpro/libctru/lib/libcitro3d.a(attribs.o)
                0x0000000000108434                C3D_SetAttrInfo
 .text.C3Di_AttrInfoBind
                0x0000000000108488       0x80 /opt/devkitpro/libctru/lib/libcitro3d.a(attribs.o)
                0x0000000000108488                C3Di_AttrInfoBind
 .text.C3D_ImmSendAttrib
                0x0000000000108508       0xa8 /opt/devkitpro/libctru/lib/libcitro3d.a(immediate.o)
                0x0000000000108508                C3D_ImmSendAttrib
 .text.C3D_UpdateUniforms
                0x00000000001085b0      0x29c /opt/devkitpro/libctru/lib/libcitro3d.a(uniforms.o)
                0x00000000001085b0                C3D_UpdateUniforms
 .text.C3Di_DirtyUniforms
                0x000000000010884c       0xc0 /opt/devkitpro/libctru/lib/libcitro3d.a(uniforms.o)
                0x000000000010884c                C3Di_DirtyUniforms
 .text.C3Di_LoadShaderUniforms
                0x000000000010890c       0xd8 /opt/devkitpro/libctru/lib/libcitro3d.a(uniforms.o)
                0x000000000010890c                C3Di_LoadShaderUniforms
 .text.C3Di_ClearShaderUniforms
                0x00000000001089e4       0x28 /opt/devkitpro/libctru/lib/libcitro3d.a(uniforms.o)
                0x00000000001089e4                C3Di_ClearShaderUniforms
 .text.Mtx_Ortho
                0x0000000000108a0c       0xcc /opt/devkitpro/libctru/lib/libcitro3d.a(mtx_ortho.o)
                0x0000000000108a0c                Mtx_Ortho
 .text.Mtx_OrthoTilt
                0x0000000000108ad8       0xcc /opt/devkitpro/libctru/lib/libcitro3d.a(mtx_orthotilt.o)
                0x0000000000108ad8                Mtx_OrthoTilt
 .text._ZL21addrMapNodeComparatorPK11rbtree_nodeS1_
                0x0000000000108ba4       0x24 /opt/devkitpro/libctru/lib/libctru.a(vram.o)
 .text._ZL21addrMapNodeDestructorP11rbtree_node
                0x0000000000108bc8        0x4 /opt/devkitpro/libctru/lib/libctru.a(vram.o)
 .text.vramMemAlign
                0x0000000000108bcc      0x114 /opt/devkitpro/libctru/lib/libctru.a(vram.o)
                0x0000000000108bcc                vramMemAlign
 .text.vramAlloc
                0x0000000000108ce0        0x8 /opt/devkitpro/libctru/lib/libctru.a(vram.o)
                0x0000000000108ce0                vramAlloc
 .text.vramFree
                0x0000000000108ce8       0x5c /opt/devkitpro/libctru/lib/libctru.a(vram.o)
                0x0000000000108ce8                vramFree
 .text._ZL21addrMapNodeComparatorPK11rbtree_nodeS1_
                0x0000000000108d44       0x24 /opt/devkitpro/libctru/lib/libctru.a(linear.o)
 .text._ZL21addrMapNodeDestructorP11rbtree_node
                0x0000000000108d68        0x4 /opt/devkitpro/libctru/lib/libctru.a(linear.o)
 .text.linearMemAlign
                0x0000000000108d6c      0x120 /opt/devkitpro/libctru/lib/libctru.a(linear.o)
                0x0000000000108d6c                linearMemAlign
 .text.linearAlloc
                0x0000000000108e8c        0x8 /opt/devkitpro/libctru/lib/libctru.a(linear.o)
                0x0000000000108e8c                linearAlloc
 .text.linearFree
                0x0000000000108e94       0x5c /opt/devkitpro/libctru/lib/libctru.a(linear.o)
                0x0000000000108e94                linearFree
 .text._ZN7MemPool13CoalesceRightEP8MemBlock
                0x0000000000108ef0       0x84 /opt/devkitpro/libctru/lib/libctru.a(mem_pool.o)
                0x0000000000108ef0                MemPool::CoalesceRight(MemBlock*)
 .text._ZN7MemPool8AllocateER8MemChunkmi
                0x0000000000108f74      0x170 /opt/devkitpro/libctru/lib/libctru.a(mem_pool.o)
                0x0000000000108f74                MemPool::Allocate(MemChunk&, unsigned long, int)
 .text._ZN7MemPool10DeallocateERK8MemChunk
                0x00000000001090e4       0xfc /opt/devkitpro/libctru/lib/libctru.a(mem_pool.o)
                0x00000000001090e4                MemPool::Deallocate(MemChunk const&)
 .text.romfs_close
                0x00000000001091e0        0x8 /opt/devkitpro/libctru/lib/libctru.a(romfs_dev.o)
 .text.romfs_seek
                0x00000000001091e8       0xc8 /opt/devkitpro/libctru/lib/libctru.a(romfs_dev.o)
 .text.romfs_dirreset
                0x00000000001092b0       0x24 /opt/devkitpro/libctru/lib/libctru.a(romfs_dev.o)
 .text.fill_dir
                0x00000000001092d4       0xc8 /opt/devkitpro/libctru/lib/libctru.a(romfs_dev.o)
 .text.romfs_dirnext
                0x000000000010939c      0x2b0 /opt/devkitpro/libctru/lib/libctru.a(romfs_dev.o)
 .text.romfs_free
                0x000000000010964c       0x84 /opt/devkitpro/libctru/lib/libctru.a(romfs_dev.o)
 .text.searchForFile.constprop.0
                0x00000000001096d0       0xd4 /opt/devkitpro/libctru/lib/libctru.a(romfs_dev.o)
 .text.searchForDir.constprop.0
                0x00000000001097a4       0xd8 /opt/devkitpro/libctru/lib/libctru.a(romfs_dev.o)
 .text.navigateToDir.constprop.0
                0x000000000010987c      0x1c0 /opt/devkitpro/libctru/lib/libctru.a(romfs_dev.o)
 .text.romfs_open
                0x0000000000109a3c      0x128 /opt/devkitpro/libctru/lib/libctru.a(romfs_dev.o)
 .text.romfs_chdir
                0x0000000000109b64       0x4c /opt/devkitpro/libctru/lib/libctru.a(romfs_dev.o)
 .text.romfs_diropen
                0x0000000000109bb0       0x70 /opt/devkitpro/libctru/lib/libctru.a(romfs_dev.o)
 .text.romfs_stat
                0x0000000000109c20      0x17c /opt/devkitpro/libctru/lib/libctru.a(romfs_dev.o)
 .text.romfs_dirclose
                0x0000000000109d9c        0x8 /opt/devkitpro/libctru/lib/libctru.a(romfs_dev.o)
 .text.romfs_fstat
                0x0000000000109da4       0x7c /opt/devkitpro/libctru/lib/libctru.a(romfs_dev.o)
 .text.romfs_read
                0x0000000000109e20       0xd4 /opt/devkitpro/libctru/lib/libctru.a(romfs_dev.o)
 .text.romfsMountFromFile
                0x0000000000109ef4      0x290 /opt/devkitpro/libctru/lib/libctru.a(romfs_dev.o)
                0x0000000000109ef4                romfsMountFromFile
 .text.romfsMountFromCurrentProcess
                0x000000000010a184       0x98 /opt/devkitpro/libctru/lib/libctru.a(romfs_dev.o)
                0x000000000010a184                romfsMountFromCurrentProcess
 .text.romfsMountSelf
                0x000000000010a21c      0x25c /opt/devkitpro/libctru/lib/libctru.a(romfs_dev.o)
                0x000000000010a21c                romfsMountSelf
 .text.osConvertVirtToPhys
                0x000000000010a478       0x74 /opt/devkitpro/libctru/lib/libctru.a(os.o)
                0x000000000010a478                osConvertVirtToPhys
 .text.osGetTimeRef
                0x000000000010a4ec       0x54 /opt/devkitpro/libctru/lib/libctru.a(os.o)
                0x000000000010a4ec                osGetTimeRef
 .text.osGetTime
                0x000000000010a540       0xe4 /opt/devkitpro/libctru/lib/libctru.a(os.o)
                0x000000000010a540                osGetTime
 .text.__libctru_gtod
                0x000000000010a624       0x74 /opt/devkitpro/libctru/lib/libctru.a(os.o)
                0x000000000010a624                __libctru_gtod
 .text.__ctru_speedup_config
                0x000000000010a698       0x34 /opt/devkitpro/libctru/lib/libctru.a(os.o)
                0x000000000010a698                __ctru_speedup_config
 .text.fontEnsureMapped
                0x000000000010a6cc       0x9c /opt/devkitpro/libctru/lib/libctru.a(font.o)
                0x000000000010a6cc                fontEnsureMapped
 .text.fontFixPointers
                0x000000000010a768       0x7c /opt/devkitpro/libctru/lib/libctru.a(font.o)
                0x000000000010a768                fontFixPointers
 .text.fontGlyphIndexFromCodePoint
                0x000000000010a7e4       0xfc /opt/devkitpro/libctru/lib/libctru.a(font.o)
                0x000000000010a7e4                fontGlyphIndexFromCodePoint
 .text.fontGetCharWidthInfo
                0x000000000010a8e0       0x6c /opt/devkitpro/libctru/lib/libctru.a(font.o)
                0x000000000010a8e0                fontGetCharWidthInfo
 .text.fontCalcGlyphPos
                0x000000000010a94c      0x1c0 /opt/devkitpro/libctru/lib/libctru.a(font.o)
                0x000000000010a94c                fontCalcGlyphPos
 .text.gfxPresentFramebuffer
                0x000000000010ab0c       0xd0 /opt/devkitpro/libctru/lib/libctru.a(gfx.o)
 .text.gfxIsWide
                0x000000000010abdc       0x1c /opt/devkitpro/libctru/lib/libctru.a(gfx.o)
                0x000000000010abdc                gfxIsWide
 .text.gfxSetScreenFormat
                0x000000000010abf8       0xec /opt/devkitpro/libctru/lib/libctru.a(gfx.o)
                0x000000000010abf8                gfxSetScreenFormat
 .text.gfxInit  0x000000000010ace4      0x108 /opt/devkitpro/libctru/lib/libctru.a(gfx.o)
                0x000000000010ace4                gfxInit
 .text.gfxInitDefault
                0x000000000010adec       0x10 /opt/devkitpro/libctru/lib/libctru.a(gfx.o)
                0x000000000010adec                gfxInitDefault
 .text.gfxExit  0x000000000010adfc       0xb4 /opt/devkitpro/libctru/lib/libctru.a(gfx.o)
                0x000000000010adfc                gfxExit
 .text.gfxGetFramebuffer
                0x000000000010aeb0       0xa0 /opt/devkitpro/libctru/lib/libctru.a(gfx.o)
                0x000000000010aeb0                gfxGetFramebuffer
 .text.gfxScreenSwapBuffers
                0x000000000010af50       0x30 /opt/devkitpro/libctru/lib/libctru.a(gfx.o)
                0x000000000010af50                gfxScreenSwapBuffers
 .text.shaderInstanceInit
                0x000000000010af80      0x1e0 /opt/devkitpro/libctru/lib/libctru.a(shaderProgram.o)
                0x000000000010af80                shaderInstanceInit
 .text.shaderInstanceGetUniformLocation
                0x000000000010b160       0x18 /opt/devkitpro/libctru/lib/libctru.a(shaderProgram.o)
                0x000000000010b160                shaderInstanceGetUniformLocation
 .text.shaderProgramInit
                0x000000000010b178       0x1c /opt/devkitpro/libctru/lib/libctru.a(shaderProgram.o)
                0x000000000010b178                shaderProgramInit
 .text.shaderProgramFree
                0x000000000010b194       0x64 /opt/devkitpro/libctru/lib/libctru.a(shaderProgram.o)
                0x000000000010b194                shaderProgramFree
 .text.shaderProgramSetVsh
                0x000000000010b1f8       0x80 /opt/devkitpro/libctru/lib/libctru.a(shaderProgram.o)
                0x000000000010b1f8                shaderProgramSetVsh
 .text.shaderProgramConfigure
                0x000000000010b278      0x8c0 /opt/devkitpro/libctru/lib/libctru.a(shaderProgram.o)
                0x000000000010b278                shaderProgramConfigure
 .text.DVLE_GenerateOutmap.part.0
                0x000000000010bb38      0x1f8 /opt/devkitpro/libctru/lib/libctru.a(shbin.o)
 .text.DVLB_ParseFile
                0x000000000010bd30      0x1cc /opt/devkitpro/libctru/lib/libctru.a(shbin.o)
                0x000000000010bd30                DVLB_ParseFile
 .text.DVLB_Free
                0x000000000010befc       0x38 /opt/devkitpro/libctru/lib/libctru.a(shbin.o)
                0x000000000010befc                DVLB_Free
 .text.DVLE_GetUniformRegister
                0x000000000010bf34       0x74 /opt/devkitpro/libctru/lib/libctru.a(shbin.o)
                0x000000000010bf34                DVLE_GetUniformRegister
 .text.GX_BindQueue
                0x000000000010bfa8       0x10 /opt/devkitpro/libctru/lib/libctru.a(gx.o)
                0x000000000010bfa8                GX_BindQueue
 .text.GX_ProcessCommandList
                0x000000000010bfb8       0x78 /opt/devkitpro/libctru/lib/libctru.a(gx.o)
                0x000000000010bfb8                GX_ProcessCommandList
 .text.GX_MemoryFill
                0x000000000010c030       0x74 /opt/devkitpro/libctru/lib/libctru.a(gx.o)
                0x000000000010c030                GX_MemoryFill
 .text.GX_DisplayTransfer
                0x000000000010c0a4       0x70 /opt/devkitpro/libctru/lib/libctru.a(gx.o)
                0x000000000010c0a4                GX_DisplayTransfer
 .text.gxCmdQueueDoCommands.part.0
                0x000000000010c114       0x68 /opt/devkitpro/libctru/lib/libctru.a(gxqueue.o)
 .text.gxCmdQueueInterrupt
                0x000000000010c17c       0xc8 /opt/devkitpro/libctru/lib/libctru.a(gxqueue.o)
                0x000000000010c17c                gxCmdQueueInterrupt
 .text.gxCmdQueueClear
                0x000000000010c244       0x4c /opt/devkitpro/libctru/lib/libctru.a(gxqueue.o)
                0x000000000010c244                gxCmdQueueClear
 .text.gxCmdQueueAdd
                0x000000000010c290       0xf8 /opt/devkitpro/libctru/lib/libctru.a(gxqueue.o)
                0x000000000010c290                gxCmdQueueAdd
 .text.gxCmdQueueRun
                0x000000000010c388       0x80 /opt/devkitpro/libctru/lib/libctru.a(gxqueue.o)
                0x000000000010c388                gxCmdQueueRun
 .text.gxCmdQueueStop
                0x000000000010c408       0x60 /opt/devkitpro/libctru/lib/libctru.a(gxqueue.o)
                0x000000000010c408                gxCmdQueueStop
 .text.gxCmdQueueWait
                0x000000000010c468       0x74 /opt/devkitpro/libctru/lib/libctru.a(gxqueue.o)
                0x000000000010c468                gxCmdQueueWait
 .text.GPUCMD_Add
                0x000000000010c4dc      0x13c /opt/devkitpro/libctru/lib/libctru.a(gpu.o)
                0x000000000010c4dc                GPUCMD_Add
 .text.GPUCMD_Split
                0x000000000010c618       0xac /opt/devkitpro/libctru/lib/libctru.a(gpu.o)
                0x000000000010c618                GPUCMD_Split
 .text.f32tof16
                0x000000000010c6c4       0x40 /opt/devkitpro/libctru/lib/libctru.a(gpu.o)
                0x000000000010c6c4                f32tof16
 .text.f32tof24
                0x000000000010c704       0x40 /opt/devkitpro/libctru/lib/libctru.a(gpu.o)
                0x000000000010c704                f32tof24
 .text.f32tof31
                0x000000000010c744       0x44 /opt/devkitpro/libctru/lib/libctru.a(gpu.o)
                0x000000000010c744                f32tof31
 .text.gspHardwareInit
                0x000000000010c788      0xc58 /opt/devkitpro/libctru/lib/libctru.a(gspgpu.o)
 .text.gspInit  0x000000000010d3e0      0x254 /opt/devkitpro/libctru/lib/libctru.a(gspgpu.o)
                0x000000000010d3e0                gspInit
 .text.gspExit  0x000000000010d634       0xf0 /opt/devkitpro/libctru/lib/libctru.a(gspgpu.o)
                0x000000000010d634                gspExit
 .text.gspHasGpuRight
                0x000000000010d724       0x10 /opt/devkitpro/libctru/lib/libctru.a(gspgpu.o)
                0x000000000010d724                gspHasGpuRight
 .text.gspPresentBuffer
                0x000000000010d734       0x98 /opt/devkitpro/libctru/lib/libctru.a(gspgpu.o)
                0x000000000010d734                gspPresentBuffer
 .text.gspSetEventCallback
                0x000000000010d7cc       0x30 /opt/devkitpro/libctru/lib/libctru.a(gspgpu.o)
                0x000000000010d7cc                gspSetEventCallback
 .text.gspWaitForEvent
                0x000000000010d7fc       0x50 /opt/devkitpro/libctru/lib/libctru.a(gspgpu.o)
                0x000000000010d7fc                gspWaitForEvent
 .text.gspWaitForAnyEvent
                0x000000000010d84c       0x4c /opt/devkitpro/libctru/lib/libctru.a(gspgpu.o)
                0x000000000010d84c                gspWaitForAnyEvent
 .text.gspEventThreadMain
                0x000000000010d898      0x160 /opt/devkitpro/libctru/lib/libctru.a(gspgpu.o)
 .text.gspSubmitGxCommand
                0x000000000010d9f8      0x130 /opt/devkitpro/libctru/lib/libctru.a(gspgpu.o)
                0x000000000010d9f8                gspSubmitGxCommand
 .text.GSPGPU_FlushDataCache
                0x000000000010db28       0x50 /opt/devkitpro/libctru/lib/libctru.a(gspgpu.o)
                0x000000000010db28                GSPGPU_FlushDataCache
 .text.GSPGPU_SetLcdForceBlack
                0x000000000010db78       0x34 /opt/devkitpro/libctru/lib/libctru.a(gspgpu.o)
                0x000000000010db78                GSPGPU_SetLcdForceBlack
 .text.GSPGPU_AcquireRight
                0x000000000010dbac       0x68 /opt/devkitpro/libctru/lib/libctru.a(gspgpu.o)
                0x000000000010dbac                GSPGPU_AcquireRight
 .text.GSPGPU_ReleaseRight
                0x000000000010dc14       0x48 /opt/devkitpro/libctru/lib/libctru.a(gspgpu.o)
                0x000000000010dc14                GSPGPU_ReleaseRight
 .text.GSPGPU_ImportDisplayCaptureInfo
                0x000000000010dc5c       0x7c /opt/devkitpro/libctru/lib/libctru.a(gspgpu.o)
                0x000000000010dc5c                GSPGPU_ImportDisplayCaptureInfo
 .text.GSPGPU_SaveVramSysArea
                0x000000000010dcd8       0x2c /opt/devkitpro/libctru/lib/libctru.a(gspgpu.o)
                0x000000000010dcd8                GSPGPU_SaveVramSysArea
 .text.GSPGPU_RestoreVramSysArea
                0x000000000010dd04       0x2c /opt/devkitpro/libctru/lib/libctru.a(gspgpu.o)
                0x000000000010dd04                GSPGPU_RestoreVramSysArea
 .text.aptConvertScreenForCapture
                0x000000000010dd30      0x1b0 /opt/devkitpro/libctru/lib/libctru.a(apt.o)
 .text.aptDspSleep
                0x000000000010dee0        0x8 /opt/devkitpro/libctru/lib/libctru.a(apt.o)
                0x000000000010dee0                aptDspSleep
 .text.aptDspWakeup
                0x000000000010dee8        0x4 /opt/devkitpro/libctru/lib/libctru.a(apt.o)
                0x000000000010dee8                aptDspWakeup
 .text.aptDspCancel
                0x000000000010deec        0x4 /opt/devkitpro/libctru/lib/libctru.a(apt.o)
                0x000000000010deec                aptDspCancel
 .text.aptSendCommand
                0x000000000010def0      0x15c /opt/devkitpro/libctru/lib/libctru.a(apt.o)
                0x000000000010def0                aptSendCommand
 .text.aptExitProcess
                0x000000000010e04c       0x38 /opt/devkitpro/libctru/lib/libctru.a(apt.o)
 .text.aptExit  0x000000000010e084      0x2f0 /opt/devkitpro/libctru/lib/libctru.a(apt.o)
                0x000000000010e084                aptExit
 .text.aptHandleSleep
                0x000000000010e374       0xd8 /opt/devkitpro/libctru/lib/libctru.a(apt.o)
                0x000000000010e374                aptHandleSleep
 .text.aptHook  0x000000000010e44c       0x30 /opt/devkitpro/libctru/lib/libctru.a(apt.o)
                0x000000000010e44c                aptHook
 .text.aptUnhook
                0x000000000010e47c       0x30 /opt/devkitpro/libctru/lib/libctru.a(apt.o)
                0x000000000010e47c                aptUnhook
 .text.APT_SleepIfShellClosed
                0x000000000010e4ac       0x84 /opt/devkitpro/libctru/lib/libctru.a(apt.o)
                0x000000000010e4ac                APT_SleepIfShellClosed
 .text.aptSetSleepAllowed
                0x000000000010e530       0x84 /opt/devkitpro/libctru/lib/libctru.a(apt.o)
                0x000000000010e530                aptSetSleepAllowed
 .text.APT_UnlockTransition
                0x000000000010e5b4       0x84 /opt/devkitpro/libctru/lib/libctru.a(apt.o)
                0x000000000010e5b4                APT_UnlockTransition
 .text.aptEventHandler
                0x000000000010e638      0x484 /opt/devkitpro/libctru/lib/libctru.a(apt.o)
 .text.APT_ReceiveParameter
                0x000000000010eabc       0xb0 /opt/devkitpro/libctru/lib/libctru.a(apt.o)
                0x000000000010eabc                APT_ReceiveParameter
 .text.aptReceiveParameter.constprop.0
                0x000000000010eb6c       0xb0 /opt/devkitpro/libctru/lib/libctru.a(apt.o)
 *fill*         0x000000000010ec1c        0x4 
 .text.aptScreenTransfer
                0x000000000010ec20      0x2bc /opt/devkitpro/libctru/lib/libctru.a(apt.o)
 .text.aptWaitForWakeUp.isra.0
                0x000000000010eedc      0x2d0 /opt/devkitpro/libctru/lib/libctru.a(apt.o)
 .text.aptJumpToHomeMenu
                0x000000000010f1ac       0xf8 /opt/devkitpro/libctru/lib/libctru.a(apt.o)
                0x000000000010f1ac                aptJumpToHomeMenu
 .text.aptMainLoop
                0x000000000010f2a4       0x4c /opt/devkitpro/libctru/lib/libctru.a(apt.o)
                0x000000000010f2a4                aptMainLoop
 .text.aptInit  0x000000000010f2f0      0x234 /opt/devkitpro/libctru/lib/libctru.a(apt.o)
                0x000000000010f2f0                aptInit
 .text.APT_CheckNew3DS
                0x000000000010f524       0x7c /opt/devkitpro/libctru/lib/libctru.a(apt.o)
                0x000000000010f524                APT_CheckNew3DS
 .text.APT_GetSharedFont
                0x000000000010f5a0       0x48 /opt/devkitpro/libctru/lib/libctru.a(apt.o)
                0x000000000010f5a0                APT_GetSharedFont
 .text.hidShouldUseIrrst
                0x000000000010f5e8       0x24 /opt/devkitpro/libctru/lib/libctru.a(hid.o)
                0x000000000010f5e8                hidShouldUseIrrst
 .text.hidInit  0x000000000010f60c      0x18c /opt/devkitpro/libctru/lib/libctru.a(hid.o)
                0x000000000010f60c                hidInit
 .text.hidExit  0x000000000010f798       0xe8 /opt/devkitpro/libctru/lib/libctru.a(hid.o)
                0x000000000010f798                hidExit
 .text.hidScanInput
                0x000000000010f880      0x294 /opt/devkitpro/libctru/lib/libctru.a(hid.o)
                0x000000000010f880                hidScanInput
 .text.hidKeysHeld
                0x000000000010fb14       0x10 /opt/devkitpro/libctru/lib/libctru.a(hid.o)
                0x000000000010fb14                hidKeysHeld
 .text.hidKeysDown
                0x000000000010fb24       0x10 /opt/devkitpro/libctru/lib/libctru.a(hid.o)
                0x000000000010fb24                hidKeysDown
 .text.hidTouchRead
                0x000000000010fb34       0x18 /opt/devkitpro/libctru/lib/libctru.a(hid.o)
                0x000000000010fb34                hidTouchRead
 .text.ptmSysmInit
                0x000000000010fb4c       0x74 /opt/devkitpro/libctru/lib/libctru.a(ptmsysm.o)
                0x000000000010fb4c                ptmSysmInit
 .text.ptmSysmExit
                0x000000000010fbc0       0x3c /opt/devkitpro/libctru/lib/libctru.a(ptmsysm.o)
                0x000000000010fbc0                ptmSysmExit
 .text.PTMSYSM_ConfigureNew3DSCPU
                0x000000000010fbfc       0x34 /opt/devkitpro/libctru/lib/libctru.a(ptmsysm.o)
                0x000000000010fbfc                PTMSYSM_ConfigureNew3DSCPU
 .text.fsInit   0x000000000010fc30       0xc8 /opt/devkitpro/libctru/lib/libctru.a(fs.o)
                0x000000000010fc30                fsInit
 .text.fsExit   0x000000000010fcf8       0x3c /opt/devkitpro/libctru/lib/libctru.a(fs.o)
                0x000000000010fcf8                fsExit
 .text.fsExemptFromSession
                0x000000000010fd34       0x60 /opt/devkitpro/libctru/lib/libctru.a(fs.o)
                0x000000000010fd34                fsExemptFromSession
 .text.fsUnexemptFromSession
                0x000000000010fd94       0x50 /opt/devkitpro/libctru/lib/libctru.a(fs.o)
                0x000000000010fd94                fsUnexemptFromSession
 .text.FSUSER_OpenFile
                0x000000000010fde4       0xcc /opt/devkitpro/libctru/lib/libctru.a(fs.o)
                0x000000000010fde4                FSUSER_OpenFile
 .text.FSUSER_OpenFileDirectly
                0x000000000010feb0       0xd4 /opt/devkitpro/libctru/lib/libctru.a(fs.o)
                0x000000000010feb0                FSUSER_OpenFileDirectly
 .text.FSUSER_DeleteFile
                0x000000000010ff84       0xbc /opt/devkitpro/libctru/lib/libctru.a(fs.o)
                0x000000000010ff84                FSUSER_DeleteFile
 .text.FSUSER_RenameFile
                0x0000000000110040       0xf8 /opt/devkitpro/libctru/lib/libctru.a(fs.o)
                0x0000000000110040                FSUSER_RenameFile
 .text.FSUSER_DeleteDirectory
                0x0000000000110138       0xbc /opt/devkitpro/libctru/lib/libctru.a(fs.o)
                0x0000000000110138                FSUSER_DeleteDirectory
 .text.FSUSER_CreateFile
                0x00000000001101f4       0xd4 /opt/devkitpro/libctru/lib/libctru.a(fs.o)
                0x00000000001101f4                FSUSER_CreateFile
 .text.FSUSER_CreateDirectory
                0x00000000001102c8       0xc4 /opt/devkitpro/libctru/lib/libctru.a(fs.o)
                0x00000000001102c8                FSUSER_CreateDirectory
 .text.FSUSER_RenameDirectory
                0x000000000011038c       0xf8 /opt/devkitpro/libctru/lib/libctru.a(fs.o)
                0x000000000011038c                FSUSER_RenameDirectory
 .text.FSUSER_OpenDirectory
                0x0000000000110484       0xb4 /opt/devkitpro/libctru/lib/libctru.a(fs.o)
                0x0000000000110484                FSUSER_OpenDirectory
 .text.FSUSER_OpenArchive
                0x0000000000110538       0x94 /opt/devkitpro/libctru/lib/libctru.a(fs.o)
                0x0000000000110538                FSUSER_OpenArchive
 .text.FSUSER_CloseArchive
                0x00000000001105cc       0x8c /opt/devkitpro/libctru/lib/libctru.a(fs.o)
                0x00000000001105cc                FSUSER_CloseArchive
 .text.FSUSER_GetSdmcArchiveResource
                0x0000000000110658       0x74 /opt/devkitpro/libctru/lib/libctru.a(fs.o)
                0x0000000000110658                FSUSER_GetSdmcArchiveResource
 .text.FSUSER_IsSdmcWritable
                0x00000000001106cc       0x64 /opt/devkitpro/libctru/lib/libctru.a(fs.o)
                0x00000000001106cc                FSUSER_IsSdmcWritable
 .text.FSFILE_Read
                0x0000000000110730       0x58 /opt/devkitpro/libctru/lib/libctru.a(fs.o)
                0x0000000000110730                FSFILE_Read
 .text.FSFILE_Write
                0x0000000000110788       0x60 /opt/devkitpro/libctru/lib/libctru.a(fs.o)
                0x0000000000110788                FSFILE_Write
 .text.FSFILE_GetSize
                0x00000000001107e8       0x38 /opt/devkitpro/libctru/lib/libctru.a(fs.o)
                0x00000000001107e8                FSFILE_GetSize
 .text.FSFILE_SetSize
                0x0000000000110820       0x28 /opt/devkitpro/libctru/lib/libctru.a(fs.o)
                0x0000000000110820                FSFILE_SetSize
 .text.FSFILE_Close
                0x0000000000110848       0x3c /opt/devkitpro/libctru/lib/libctru.a(fs.o)
                0x0000000000110848                FSFILE_Close
 .text.FSFILE_Flush
                0x0000000000110884       0x24 /opt/devkitpro/libctru/lib/libctru.a(fs.o)
                0x0000000000110884                FSFILE_Flush
 .text.FSDIR_Read
                0x00000000001108a8       0x50 /opt/devkitpro/libctru/lib/libctru.a(fs.o)
                0x00000000001108a8                FSDIR_Read
 .text.FSDIR_Close
                0x00000000001108f8       0x3c /opt/devkitpro/libctru/lib/libctru.a(fs.o)
                0x00000000001108f8                FSDIR_Close
 .text.rbtree_init
                0x0000000000110934       0x10 /opt/devkitpro/libctru/lib/libctru.a(rbtree_init.o)
                0x0000000000110934                rbtree_init
 .text.do_insert
                0x0000000000110944      0x1a0 /opt/devkitpro/libctru/lib/libctru.a(rbtree_insert.o)
 .text.rbtree_insert
                0x0000000000110ae4        0x8 /opt/devkitpro/libctru/lib/libctru.a(rbtree_insert.o)
                0x0000000000110ae4                rbtree_insert
 .text.rbtree_rotate
                0x0000000000110aec       0x90 /opt/devkitpro/libctru/lib/libctru.a(rbtree_rotate.o)
                0x0000000000110aec                rbtree_rotate
 .text.rbtree_remove
                0x0000000000110b7c      0x338 /opt/devkitpro/libctru/lib/libctru.a(rbtree_remove.o)
                0x0000000000110b7c                rbtree_remove
 .text.rbtree_find
                0x0000000000110eb4       0x74 /opt/devkitpro/libctru/lib/libctru.a(rbtree_find.o)
                0x0000000000110eb4                rbtree_find
 .text.utf16_to_utf8
                0x0000000000110f28       0xe8 /opt/devkitpro/libctru/lib/libctru.a(utf16_to_utf8.o)
                0x0000000000110f28                utf16_to_utf8
 .text.decode_utf16
                0x0000000000111010       0x64 /opt/devkitpro/libctru/lib/libctru.a(decode_utf16.o)
                0x0000000000111010                decode_utf16
 .text.decode_utf8
                0x0000000000111074      0x13c /opt/devkitpro/libctru/lib/libctru.a(decode_utf8.o)
                0x0000000000111074                decode_utf8
 .text.utf8_to_utf16
                0x00000000001111b0       0xc0 /opt/devkitpro/libctru/lib/libctru.a(utf8_to_utf16.o)
                0x00000000001111b0                utf8_to_utf16
 .text.__system_allocateHeaps
                0x0000000000111270      0x1e0 /opt/devkitpro/libctru/lib/libctru.a(allocateHeaps.o)
                0x0000000000111270                __system_allocateHeaps
 .text.__libctru_init
                0x0000000000111450       0x38 /opt/devkitpro/libctru/lib/libctru.a(ctru_init.o)
                0x0000000000111450                __libctru_init
 .text.__system_initArgv
                0x0000000000111488       0xf0 /opt/devkitpro/libctru/lib/libctru.a(initArgv.o)
                0x0000000000111488                __system_initArgv
 .text.svcControlMemory
                0x0000000000111578       0x20 /opt/devkitpro/libctru/lib/libctru.a(svc.o)
                0x0000000000111578                svcControlMemory
 .text.svcQueryMemory
                0x0000000000111598       0x30 /opt/devkitpro/libctru/lib/libctru.a(svc.o)
                0x0000000000111598                svcQueryMemory
 .text.svcExitProcess
                0x00000000001115c8        0x8 /opt/devkitpro/libctru/lib/libctru.a(svc.o)
                0x00000000001115c8                svcExitProcess
 .text.svcCreateThread
                0x00000000001115d0       0x20 /opt/devkitpro/libctru/lib/libctru.a(svc.o)
                0x00000000001115d0                svcCreateThread
 .text.svcExitThread
                0x00000000001115f0        0x8 /opt/devkitpro/libctru/lib/libctru.a(svc.o)
                0x00000000001115f0                svcExitThread
 .text.svcSleepThread
                0x00000000001115f8        0x8 /opt/devkitpro/libctru/lib/libctru.a(svc.o)
                0x00000000001115f8                svcSleepThread
 .text.svcReleaseMutex
                0x0000000000111600        0x8 /opt/devkitpro/libctru/lib/libctru.a(svc.o)
                0x0000000000111600                svcReleaseMutex
 .text.svcCreateEvent
                0x0000000000111608       0x14 /opt/devkitpro/libctru/lib/libctru.a(svc.o)
                0x0000000000111608                svcCreateEvent
 .text.svcSignalEvent
                0x000000000011161c        0x8 /opt/devkitpro/libctru/lib/libctru.a(svc.o)
                0x000000000011161c                svcSignalEvent
 .text.svcClearEvent
                0x0000000000111624        0x8 /opt/devkitpro/libctru/lib/libctru.a(svc.o)
                0x0000000000111624                svcClearEvent
 .text.svcMapMemoryBlock
                0x000000000011162c        0x8 /opt/devkitpro/libctru/lib/libctru.a(svc.o)
                0x000000000011162c                svcMapMemoryBlock
 .text.svcUnmapMemoryBlock
                0x0000000000111634        0x8 /opt/devkitpro/libctru/lib/libctru.a(svc.o)
                0x0000000000111634                svcUnmapMemoryBlock
 .text.svcCreateAddressArbiter
                0x000000000011163c       0x14 /opt/devkitpro/libctru/lib/libctru.a(svc.o)
                0x000000000011163c                svcCreateAddressArbiter
 .text.svcArbitrateAddressNoTimeout
                0x0000000000111650        0x8 /opt/devkitpro/libctru/lib/libctru.a(svc.o)
                0x0000000000111650                svcArbitrateAddressNoTimeout
 .text.svcCloseHandle
                0x0000000000111658        0x8 /opt/devkitpro/libctru/lib/libctru.a(svc.o)
                0x0000000000111658                svcCloseHandle
 .text.svcWaitSynchronization
                0x0000000000111660        0x8 /opt/devkitpro/libctru/lib/libctru.a(svc.o)
                0x0000000000111660                svcWaitSynchronization
 .text.svcWaitSynchronizationN
                0x0000000000111668       0x28 /opt/devkitpro/libctru/lib/libctru.a(svc.o)
                0x0000000000111668                svcWaitSynchronizationN
 .text.svcDuplicateHandle
                0x0000000000111690       0x14 /opt/devkitpro/libctru/lib/libctru.a(svc.o)
                0x0000000000111690                svcDuplicateHandle
 .text.svcGetSystemTick
                0x00000000001116a4        0x8 /opt/devkitpro/libctru/lib/libctru.a(svc.o)
                0x00000000001116a4                svcGetSystemTick
 .text.svcConnectToPort
                0x00000000001116ac       0x14 /opt/devkitpro/libctru/lib/libctru.a(svc.o)
                0x00000000001116ac                svcConnectToPort
 .text.svcSendSyncRequest
                0x00000000001116c0        0x8 /opt/devkitpro/libctru/lib/libctru.a(svc.o)
                0x00000000001116c0                svcSendSyncRequest
 .text.svcGetResourceLimit
                0x00000000001116c8       0x14 /opt/devkitpro/libctru/lib/libctru.a(svc.o)
                0x00000000001116c8                svcGetResourceLimit
 .text.svcGetResourceLimitLimitValues
                0x00000000001116dc        0x8 /opt/devkitpro/libctru/lib/libctru.a(svc.o)
                0x00000000001116dc                svcGetResourceLimitLimitValues
 .text.svcGetResourceLimitCurrentValues
                0x00000000001116e4        0x8 /opt/devkitpro/libctru/lib/libctru.a(svc.o)
                0x00000000001116e4                svcGetResourceLimitCurrentValues
 .text.svcBreak
                0x00000000001116ec        0x8 /opt/devkitpro/libctru/lib/libctru.a(svc.o)
                0x00000000001116ec                svcBreak
 .text.initSystem
                0x00000000001116f4       0x50 /opt/devkitpro/libctru/lib/libctru.a(stack_adjust.o)
                0x00000000001116f4                initSystem
 .text.__ctru_exit
                0x0000000000111744       0x18 /opt/devkitpro/libctru/lib/libctru.a(stack_adjust.o)
                0x0000000000111744                __ctru_exit
 .text.__aeabi_read_tp
                0x000000000011175c        0xc /opt/devkitpro/libctru/lib/libctru.a(readtp.o)
                0x000000000011175c                __aeabi_read_tp
 .text.__sync_init
                0x0000000000111768        0xc /opt/devkitpro/libctru/lib/libctru.a(synchronization.o)
                0x0000000000111768                __sync_init
 .text.__sync_fini
                0x0000000000111774       0x18 /opt/devkitpro/libctru/lib/libctru.a(synchronization.o)
                0x0000000000111774                __sync_fini
 .text.syncArbitrateAddress
                0x000000000011178c       0x2c /opt/devkitpro/libctru/lib/libctru.a(synchronization.o)
                0x000000000011178c                syncArbitrateAddress
 .text.LightLock_Init
                0x00000000001117b8       0x1c /opt/devkitpro/libctru/lib/libctru.a(synchronization.o)
                0x00000000001117b8                LightLock_Init
 .text.LightLock_Lock
                0x00000000001117d4       0x94 /opt/devkitpro/libctru/lib/libctru.a(synchronization.o)
                0x00000000001117d4                LightLock_Lock
 .text.LightLock_TryLock
                0x0000000000111868       0x44 /opt/devkitpro/libctru/lib/libctru.a(synchronization.o)
                0x0000000000111868                LightLock_TryLock
 .text.LightLock_Unlock
                0x00000000001118ac       0x40 /opt/devkitpro/libctru/lib/libctru.a(synchronization.o)
                0x00000000001118ac                LightLock_Unlock
 .text.RecursiveLock_Init
                0x00000000001118ec       0x24 /opt/devkitpro/libctru/lib/libctru.a(synchronization.o)
                0x00000000001118ec                RecursiveLock_Init
 .text.RecursiveLock_Lock
                0x0000000000111910       0x30 /opt/devkitpro/libctru/lib/libctru.a(synchronization.o)
                0x0000000000111910                RecursiveLock_Lock
 .text.RecursiveLock_TryLock
                0x0000000000111940       0x78 /opt/devkitpro/libctru/lib/libctru.a(synchronization.o)
                0x0000000000111940                RecursiveLock_TryLock
 .text.RecursiveLock_Unlock
                0x00000000001119b8       0x54 /opt/devkitpro/libctru/lib/libctru.a(synchronization.o)
                0x00000000001119b8                RecursiveLock_Unlock
 .text.LightEvent_Init
                0x0000000000111a0c       0x40 /opt/devkitpro/libctru/lib/libctru.a(synchronization.o)
                0x0000000000111a0c                LightEvent_Init
 .text.LightEvent_Clear
                0x0000000000111a4c       0xa4 /opt/devkitpro/libctru/lib/libctru.a(synchronization.o)
                0x0000000000111a4c                LightEvent_Clear
 .text.LightEvent_Signal
                0x0000000000111af0       0xc8 /opt/devkitpro/libctru/lib/libctru.a(synchronization.o)
                0x0000000000111af0                LightEvent_Signal
 .text.LightEvent_TryWait
                0x0000000000111bb8       0x58 /opt/devkitpro/libctru/lib/libctru.a(synchronization.o)
                0x0000000000111bb8                LightEvent_TryWait
 .text.LightEvent_Wait
                0x0000000000111c10       0xb0 /opt/devkitpro/libctru/lib/libctru.a(synchronization.o)
                0x0000000000111c10                LightEvent_Wait
 .text.envGetHandle
                0x0000000000111cc0       0x84 /opt/devkitpro/libctru/lib/libctru.a(env.o)
                0x0000000000111cc0                envGetHandle
 .text.envDestroyHandles
                0x0000000000111d44       0x50 /opt/devkitpro/libctru/lib/libctru.a(env.o)
                0x0000000000111d44                envDestroyHandles
 .text.srvInit  0x0000000000111d94      0x124 /opt/devkitpro/libctru/lib/libctru.a(srv.o)
                0x0000000000111d94                srvInit
 .text.srvExit  0x0000000000111eb8       0x58 /opt/devkitpro/libctru/lib/libctru.a(srv.o)
                0x0000000000111eb8                srvExit
 .text.srvGetServiceHandleDirect
                0x0000000000111f10       0x80 /opt/devkitpro/libctru/lib/libctru.a(srv.o)
                0x0000000000111f10                srvGetServiceHandleDirect
 .text.srvGetServiceHandle
                0x0000000000111f90       0x48 /opt/devkitpro/libctru/lib/libctru.a(srv.o)
                0x0000000000111f90                srvGetServiceHandle
 .text.srvPublishToSubscriber
                0x0000000000111fd8       0x38 /opt/devkitpro/libctru/lib/libctru.a(srv.o)
                0x0000000000111fd8                srvPublishToSubscriber
 .text.threadCreate
                0x0000000000112010      0x188 /opt/devkitpro/libctru/lib/libctru.a(thread.o)
                0x0000000000112010                threadCreate
 .text.threadFree
                0x0000000000112198       0x2c /opt/devkitpro/libctru/lib/libctru.a(thread.o)
                0x0000000000112198                threadFree
 .text.threadJoin
                0x00000000001121c4       0x24 /opt/devkitpro/libctru/lib/libctru.a(thread.o)
                0x00000000001121c4                threadJoin
 .text.threadGetCurrent
                0x00000000001121e8       0x30 /opt/devkitpro/libctru/lib/libctru.a(thread.o)
                0x00000000001121e8                threadGetCurrent
 .text.threadExit
                0x0000000000112218       0x40 /opt/devkitpro/libctru/lib/libctru.a(thread.o)
                0x0000000000112218                threadExit
 .text._thread_begin
                0x0000000000112258       0x44 /opt/devkitpro/libctru/lib/libctru.a(thread.o)
 .text.mappableFindAddressWithin
                0x000000000011229c       0x94 /opt/devkitpro/libctru/lib/libctru.a(mappable.o)
 .text.mappableInit
                0x0000000000112330       0x28 /opt/devkitpro/libctru/lib/libctru.a(mappable.o)
                0x0000000000112330                mappableInit
 .text.mappableAlloc
                0x0000000000112358       0x80 /opt/devkitpro/libctru/lib/libctru.a(mappable.o)
                0x0000000000112358                mappableAlloc
 .text.mappableFree
                0x00000000001123d8        0x4 /opt/devkitpro/libctru/lib/libctru.a(mappable.o)
                0x00000000001123d8                mappableFree
 .text.irrstInit
                0x00000000001123dc      0x160 /opt/devkitpro/libctru/lib/libctru.a(irrst.o)
                0x00000000001123dc                irrstInit
 .text.irrstExit
                0x000000000011253c       0xcc /opt/devkitpro/libctru/lib/libctru.a(irrst.o)
                0x000000000011253c                irrstExit
 .text.irrstScanInput
                0x0000000000112608       0xb0 /opt/devkitpro/libctru/lib/libctru.a(irrst.o)
                0x0000000000112608                irrstScanInput
 .text.irrstKeysHeld
                0x00000000001126b8       0x24 /opt/devkitpro/libctru/lib/libctru.a(irrst.o)
                0x00000000001126b8                irrstKeysHeld
 .text.srvPmGetSessionHandle
                0x00000000001126dc        0xc /opt/devkitpro/libctru/lib/libctru.a(srvpm.o)
                0x00000000001126dc                srvPmGetSessionHandle
 .text.rbtree_node_next
                0x00000000001126e8       0x50 /opt/devkitpro/libctru/lib/libctru.a(rbtree_iterator.o)
                0x00000000001126e8                rbtree_node_next
 .text.encode_utf16
                0x0000000000112738       0x60 /opt/devkitpro/libctru/lib/libctru.a(encode_utf16.o)
                0x0000000000112738                encode_utf16
 .text.encode_utf8
                0x0000000000112798       0xfc /opt/devkitpro/libctru/lib/libctru.a(encode_utf8.o)
                0x0000000000112798                encode_utf8
 .text.__appInit
                0x0000000000112894       0x30 /opt/devkitpro/libctru/lib/libctru.a(appInit.o)
                0x0000000000112894                __appInit
 .text.__libctru_nanosleep
                0x00000000001128c4       0x30 /opt/devkitpro/libctru/lib/libctru.a(syscalls.o)
 .text.__libctru_get_reent
                0x00000000001128f4       0x30 /opt/devkitpro/libctru/lib/libctru.a(syscalls.o)
 .text.__system_initSyscalls
                0x0000000000112924       0xf8 /opt/devkitpro/libctru/lib/libctru.a(syscalls.o)
                0x0000000000112924                __system_initSyscalls
 .text.__appExit
                0x0000000000112a1c       0x30 /opt/devkitpro/libctru/lib/libctru.a(appExit.o)
                0x0000000000112a1c                __appExit
 .text.__libctru_exit
                0x0000000000112a4c       0x90 /opt/devkitpro/libctru/lib/libctru.a(ctru_exit.o)
                0x0000000000112a4c                __libctru_exit
 .text.archive_link
                0x0000000000112adc       0x14 /opt/devkitpro/libctru/lib/libctru.a(archive_dev.o)
 .text.archive_dirreset
                0x0000000000112af0       0x14 /opt/devkitpro/libctru/lib/libctru.a(archive_dev.o)
 .text.archive_chmod
                0x0000000000112b04       0x14 /opt/devkitpro/libctru/lib/libctru.a(archive_dev.o)
 .text.error_cmp
                0x0000000000112b18       0x24 /opt/devkitpro/libctru/lib/libctru.a(archive_dev.o)
 .text.archive_translate_error
                0x0000000000112b3c       0x50 /opt/devkitpro/libctru/lib/libctru.a(archive_dev.o)
 .text.archive_seek
                0x0000000000112b8c       0xd4 /opt/devkitpro/libctru/lib/libctru.a(archive_dev.o)
 .text._archiveInit.part.0
                0x0000000000112c60       0x7c /opt/devkitpro/libctru/lib/libctru.a(archive_dev.o)
 .text.archiveFindDevice.part.0
                0x0000000000112cdc       0x8c /opt/devkitpro/libctru/lib/libctru.a(archive_dev.o)
 .text.archive_utf16path
                0x0000000000112d68      0x294 /opt/devkitpro/libctru/lib/libctru.a(archive_dev.o)
 .text._archiveUnmountDeviceStruct.part.0
                0x0000000000112ffc       0xa0 /opt/devkitpro/libctru/lib/libctru.a(archive_dev.o)
 .text.archive_fchmod
                0x000000000011309c       0x14 /opt/devkitpro/libctru/lib/libctru.a(archive_dev.o)
 .text.archive_statvfs
                0x00000000001130b0       0x14 /opt/devkitpro/libctru/lib/libctru.a(archive_dev.o)
 .text._archiveMountDevice
                0x00000000001130c4      0x158 /opt/devkitpro/libctru/lib/libctru.a(archive_dev.o)
 .text.archive_diropen
                0x000000000011321c       0xe8 /opt/devkitpro/libctru/lib/libctru.a(archive_dev.o)
 .text.archive_fstat
                0x0000000000113304       0xa4 /opt/devkitpro/libctru/lib/libctru.a(archive_dev.o)
 .text.archive_close
                0x00000000001133a8       0x6c /opt/devkitpro/libctru/lib/libctru.a(archive_dev.o)
 .text.archive_fsync
                0x0000000000113414       0x6c /opt/devkitpro/libctru/lib/libctru.a(archive_dev.o)
 .text.archive_dirclose
                0x0000000000113480       0x70 /opt/devkitpro/libctru/lib/libctru.a(archive_dev.o)
 .text.sdmc_statvfs
                0x00000000001134f0       0xe8 /opt/devkitpro/libctru/lib/libctru.a(archive_dev.o)
 .text.archive_ftruncate
                0x00000000001135d8       0x80 /opt/devkitpro/libctru/lib/libctru.a(archive_dev.o)
 .text.archive_chdir
                0x0000000000113658       0xfc /opt/devkitpro/libctru/lib/libctru.a(archive_dev.o)
 .text.archive_read
                0x0000000000113754       0xb0 /opt/devkitpro/libctru/lib/libctru.a(archive_dev.o)
 .text.archive_unlink
                0x0000000000113804       0xac /opt/devkitpro/libctru/lib/libctru.a(archive_dev.o)
 .text.archive_rmdir
                0x00000000001138b0       0xc8 /opt/devkitpro/libctru/lib/libctru.a(archive_dev.o)
 .text.archive_mkdir
                0x0000000000113978       0xec /opt/devkitpro/libctru/lib/libctru.a(archive_dev.o)
 .text.archive_stat
                0x0000000000113a64      0x1a8 /opt/devkitpro/libctru/lib/libctru.a(archive_dev.o)
 .text.archive_rename
                0x0000000000113c0c      0x184 /opt/devkitpro/libctru/lib/libctru.a(archive_dev.o)
 .text.archive_dirnext
                0x0000000000113d90      0x168 /opt/devkitpro/libctru/lib/libctru.a(archive_dev.o)
 .text.archive_write
                0x0000000000113ef8      0x12c /opt/devkitpro/libctru/lib/libctru.a(archive_dev.o)
 .text.archive_open
                0x0000000000114024      0x1f0 /opt/devkitpro/libctru/lib/libctru.a(archive_dev.o)
 .text.archiveMountSdmc
                0x0000000000114214      0x1a4 /opt/devkitpro/libctru/lib/libctru.a(archive_dev.o)
                0x0000000000114214                archiveMountSdmc
 .text.archiveUnmountAll
                0x00000000001143b8       0x54 /opt/devkitpro/libctru/lib/libctru.a(archive_dev.o)
                0x00000000001143b8                archiveUnmountAll
 *fill*         0x000000000011440c        0x4 
 .text.cos      0x0000000000114410       0xc0 /opt/devkitpro/devkitARM/bin/../lib/gcc/arm-none-eabi/11.1.0/../../../../arm-none-eabi/lib/armv6k/fpu/libm.a(lib_a-s_cos.o)
                0x0000000000114410                cos
 .text.ceilf    0x00000000001144d0       0xb8 /opt/devkitpro/devkitARM/bin/../lib/gcc/arm-none-eabi/11.1.0/../../../../arm-none-eabi/lib/armv6k/fpu/libm.a(lib_a-sf_ceil.o)
                0x00000000001144d0                ceilf
 .text.sin      0x0000000000114588       0xc8 /opt/devkitpro/devkitARM/bin/../lib/gcc/arm-none-eabi/11.1.0/../../../../arm-none-eabi/lib/armv6k/fpu/libm.a(lib_a-s_sin.o)
                0x0000000000114588                sin
 .text.atan2    0x0000000000114650        0x4 /opt/devkitpro/devkitARM/bin/../lib/gcc/arm-none-eabi/11.1.0/../../../../arm-none-eabi/lib/armv6k/fpu/libm.a(lib_a-w_atan2.o)
                0x0000000000114650                atan2
 *fill*         0x0000000000114654        0x4 
 .text.__ieee754_atan2
                0x0000000000114658      0x204 /opt/devkitpro/devkitARM/bin/../lib/gcc/arm-none-eabi/11.1.0/../../../../arm-none-eabi/lib/armv6k/fpu/libm.a(lib_a-e_atan2.o)
                0x0000000000114658                __ieee754_atan2
 *fill*         0x000000000011485c        0x4 
 .text.__ieee754_rem_pio2
                0x0000000000114860      0x328 /opt/devkitpro/devkitARM/bin/../lib/gcc/arm-none-eabi/11.1.0/../../../../arm-none-eabi/lib/armv6k/fpu/libm.a(lib_a-e_rem_pio2.o)
                0x0000000000114860                __ieee754_rem_pio2
 .text.__kernel_cos
                0x0000000000114b88      0x158 /opt/devkitpro/devkitARM/bin/../lib/gcc/arm-none-eabi/11.1.0/../../../../arm-none-eabi/lib/armv6k/fpu/libm.a(lib_a-k_cos.o)
                0x0000000000114b88                __kernel_cos
 .text.__kernel_rem_pio2
                0x0000000000114ce0      0x88c /opt/devkitpro/devkitARM/bin/../lib/gcc/arm-none-eabi/11.1.0/../../../../arm-none-eabi/lib/armv6k/fpu/libm.a(lib_a-k_rem_pio2.o)
                0x0000000000114ce0                __kernel_rem_pio2
 *fill*         0x000000000011556c        0x4 
 .text.__kernel_sin
                0x0000000000115570       0xc0 /opt/devkitpro/devkitARM/bin/../lib/gcc/arm-none-eabi/11.1.0/../../../../arm-none-eabi/lib/armv6k/fpu/libm.a(lib_a-k_sin.o)
                0x0000000000115570                __kernel_sin
 .text.atan     0x0000000000115630      0x284 /opt/devkitpro/devkitARM/bin/../lib/gcc/arm-none-eabi/11.1.0/../../../../arm-none-eabi/lib/armv6k/fpu/libm.a(lib_a-s_atan.o)
                0x0000000000115630                atan
 .text.fabs     0x00000000001158b4       0x14 /opt/devkitpro/devkitARM/bin/../lib/gcc/arm-none-eabi/11.1.0/../../../../arm-none-eabi/lib/armv6k/fpu/libm.a(lib_a-s_fabs.o)
                0x00000000001158b4                fabs
 .text.floor    0x00000000001158c8      0x174 /opt/devkitpro/devkitARM/bin/../lib/gcc/arm-none-eabi/11.1.0/../../../../arm-none-eabi/lib/armv6k/fpu/libm.a(lib_a-s_floor.o)
                0x00000000001158c8                floor
 *fill*         0x0000000000115a3c        0x4 
 .text.scalbn   0x0000000000115a40      0x12c /opt/devkitpro/devkitARM/bin/../lib/gcc/arm-none-eabi/11.1.0/../../../../arm-none-eabi/lib/armv6k/fpu/libm.a(lib_a-s_scalbn.o)
                0x0000000000115a40                scalbn
 .text.__udivmoddi4
                0x0000000000115b6c      0x120 /opt/devkitpro/devkitARM/bin/../lib/gcc/arm-none-eabi/11.1.0/armv6k/fpu/libgcc.a(_udivmoddi4.o)
                0x0000000000115b6c                __udivmoddi4
 .text.bsearch  0x0000000000115c8c       0x78 /opt/devkitpro/devkitARM/bin/../lib/gcc/arm-none-eabi/11.1.0/../../../../arm-none-eabi/lib/armv6k/fpu/libg.a(lib_a-bsearch.o)
                0x0000000000115c8c                bsearch
 .text.calloc   0x0000000000115d04       0x28 /opt/devkitpro/devkitARM/bin/../lib/gcc/arm-none-eabi/11.1.0/../../../../arm-none-eabi/lib/armv6k/fpu/libg.a(lib_a-calloc.o)
                0x0000000000115d04                calloc
 .text._calloc_r
                0x0000000000115d2c       0xbc /opt/devkitpro/devkitARM/bin/../lib/gcc/arm-none-eabi/11.1.0/../../../../arm-none-eabi/lib/armv6k/fpu/libg.a(lib_a-callocr.o)
                0x0000000000115d2c                _calloc_r
 .text.__errno  0x0000000000115de8        0xc /opt/devkitpro/devkitARM/bin/../lib/gcc/arm-none-eabi/11.1.0/../../../../arm-none-eabi/lib/armv6k/fpu/libg.a(lib_a-errno.o)
                0x0000000000115de8                __errno
 .text.exit     0x0000000000115df4       0x34 /opt/devkitpro/devkitARM/bin/../lib/gcc/arm-none-eabi/11.1.0/../../../../arm-none-eabi/lib/armv6k/fpu/libg.a(lib_a-exit.o)
                0x0000000000115df4                exit
 .text._fclose_r
                0x0000000000115e28      0x160 /opt/devkitpro/devkitARM/bin/../lib/gcc/arm-none-eabi/11.1.0/../../../../arm-none-eabi/lib/armv6k/fpu/libg.a(lib_a-fclose.o)
                0x0000000000115e28                _fclose_r
 .text.fclose   0x0000000000115f88       0x20 /opt/devkitpro/devkitARM/bin/../lib/gcc/arm-none-eabi/11.1.0/../../../../arm-none-eabi/lib/armv6k/fpu/libg.a(lib_a-fclose.o)
                0x0000000000115f88                fclose
 .text.__sflush_r
                0x0000000000115fa8      0x258 /opt/devkitpro/devkitARM/bin/../lib/gcc/arm-none-eabi/11.1.0/../../../../arm-none-eabi/lib/armv6k/fpu/libg.a(lib_a-fflush.o)
                0x0000000000115fa8                __sflush_r
 .text._fflush_r
                0x0000000000116200       0x94 /opt/devkitpro/devkitARM/bin/../lib/gcc/arm-none-eabi/11.1.0/../../../../arm-none-eabi/lib/armv6k/fpu/libg.a(lib_a-fflush.o)
                0x0000000000116200                _fflush_r
 .text.fflush   0x0000000000116294       0x38 /opt/devkitpro/devkitARM/bin/../lib/gcc/arm-none-eabi/11.1.0/../../../../arm-none-eabi/lib/armv6k/fpu/libg.a(lib_a-fflush.o)
                0x0000000000116294                fflush
 .text._cleanup_r
                0x00000000001162cc        0xc /opt/devkitpro/devkitARM/bin/../lib/gcc/arm-none-eabi/11.1.0/../../../../arm-none-eabi/lib/armv6k/fpu/libg.a(lib_a-findfp.o)
                0x00000000001162cc                _cleanup_r
 .text.__sinit  0x00000000001162d8      0x184 /opt/devkitpro/devkitARM/bin/../lib/gcc/arm-none-eabi/11.1.0/../../../../arm-none-eabi/lib/armv6k/fpu/libg.a(lib_a-findfp.o)
                0x00000000001162d8                __sinit
 .text.__sfp    0x000000000011645c      0x134 /opt/devkitpro/devkitARM/bin/../lib/gcc/arm-none-eabi/11.1.0/../../../../arm-none-eabi/lib/armv6k/fpu/libg.a(lib_a-findfp.o)
                0x000000000011645c                __sfp
 .text.__sfp_lock_acquire
                0x0000000000116590        0xc /opt/devkitpro/devkitARM/bin/../lib/gcc/arm-none-eabi/11.1.0/../../../../arm-none-eabi/lib/armv6k/fpu/libg.a(lib_a-findfp.o)
                0x0000000000116590                __sfp_lock_acquire
 .text.__sfp_lock_release
                0x000000000011659c        0xc /opt/devkitpro/devkitARM/bin/../lib/gcc/arm-none-eabi/11.1.0/../../../../arm-none-eabi/lib/armv6k/fpu/libg.a(lib_a-findfp.o)
                0x000000000011659c                __sfp_lock_release
 .text.__libc_fini_array
                0x00000000001165a8       0x3c /opt/devkitpro/devkitARM/bin/../lib/gcc/arm-none-eabi/11.1.0/../../../../arm-none-eabi/lib/armv6k/fpu/libg.a(lib_a-fini.o)
                0x00000000001165a8                __libc_fini_array
 .text._fopen_r
                0x00000000001165e4      0x140 /opt/devkitpro/devkitARM/bin/../lib/gcc/arm-none-eabi/11.1.0/../../../../arm-none-eabi/lib/armv6k/fpu/libg.a(lib_a-fopen.o)
                0x00000000001165e4                _fopen_r
 .text.fopen    0x0000000000116724       0x28 /opt/devkitpro/devkitARM/bin/../lib/gcc/arm-none-eabi/11.1.0/../../../../arm-none-eabi/lib/armv6k/fpu/libg.a(lib_a-fopen.o)
                0x0000000000116724                fopen
 .text._fread_r
                0x000000000011674c      0x2d4 /opt/devkitpro/devkitARM/bin/../lib/gcc/arm-none-eabi/11.1.0/../../../../arm-none-eabi/lib/armv6k/fpu/libg.a(lib_a-fread.o)
                0x000000000011674c                _fread_r
 .text.fread    0x0000000000116a20       0x38 /opt/devkitpro/devkitARM/bin/../lib/gcc/arm-none-eabi/11.1.0/../../../../arm-none-eabi/lib/armv6k/fpu/libg.a(lib_a-fread.o)
                0x0000000000116a20                fread
 .text._malloc_trim_r
                0x0000000000116a58       0xf8 /opt/devkitpro/devkitARM/bin/../lib/gcc/arm-none-eabi/11.1.0/../../../../arm-none-eabi/lib/armv6k/fpu/libg.a(lib_a-freer.o)
                0x0000000000116a58                _malloc_trim_r
 .text._free_r  0x0000000000116b50      0x2e4 /opt/devkitpro/devkitARM/bin/../lib/gcc/arm-none-eabi/11.1.0/../../../../arm-none-eabi/lib/armv6k/fpu/libg.a(lib_a-freer.o)
                0x0000000000116b50                _free_r
 .text._fseek_r
                0x0000000000116e34       0x1c /opt/devkitpro/devkitARM/bin/../lib/gcc/arm-none-eabi/11.1.0/../../../../arm-none-eabi/lib/armv6k/fpu/libg.a(lib_a-fseek.o)
                0x0000000000116e34                _fseek_r
 .text._fseeko_r
                0x0000000000116e50      0x598 /opt/devkitpro/devkitARM/bin/../lib/gcc/arm-none-eabi/11.1.0/../../../../arm-none-eabi/lib/armv6k/fpu/libg.a(lib_a-fseeko.o)
                0x0000000000116e50                _fseeko_r
 .text._fwalk   0x00000000001173e8       0x68 /opt/devkitpro/devkitARM/bin/../lib/gcc/arm-none-eabi/11.1.0/../../../../arm-none-eabi/lib/armv6k/fpu/libg.a(lib_a-fwalk.o)
                0x00000000001173e8                _fwalk
 .text._fwalk_reent
                0x0000000000117450       0x70 /opt/devkitpro/devkitARM/bin/../lib/gcc/arm-none-eabi/11.1.0/../../../../arm-none-eabi/lib/armv6k/fpu/libg.a(lib_a-fwalk.o)
                0x0000000000117450                _fwalk_reent
 .text.__libc_init_array
                0x00000000001174c0       0x7c /opt/devkitpro/devkitARM/bin/../lib/gcc/arm-none-eabi/11.1.0/../../../../arm-none-eabi/lib/armv6k/fpu/libg.a(lib_a-init.o)
                0x00000000001174c0                __libc_init_array
 .text.__smakebuf_r
                0x000000000011753c      0x138 /opt/devkitpro/devkitARM/bin/../lib/gcc/arm-none-eabi/11.1.0/../../../../arm-none-eabi/lib/armv6k/fpu/libg.a(lib_a-makebuf.o)
                0x000000000011753c                __smakebuf_r
 .text.memalign
                0x0000000000117674       0x28 /opt/devkitpro/devkitARM/bin/../lib/gcc/arm-none-eabi/11.1.0/../../../../arm-none-eabi/lib/armv6k/fpu/libg.a(lib_a-malign.o)
                0x0000000000117674                memalign
 .text._memalign_r
                0x000000000011769c      0x150 /opt/devkitpro/devkitARM/bin/../lib/gcc/arm-none-eabi/11.1.0/../../../../arm-none-eabi/lib/armv6k/fpu/libg.a(lib_a-malignr.o)
                0x000000000011769c                _memalign_r
 .text.malloc   0x00000000001177ec       0x20 /opt/devkitpro/devkitARM/bin/../lib/gcc/arm-none-eabi/11.1.0/../../../../arm-none-eabi/lib/armv6k/fpu/libg.a(lib_a-malloc.o)
                0x00000000001177ec                malloc
 .text.free     0x000000000011780c       0x20 /opt/devkitpro/devkitARM/bin/../lib/gcc/arm-none-eabi/11.1.0/../../../../arm-none-eabi/lib/armv6k/fpu/libg.a(lib_a-malloc.o)
                0x000000000011780c                free
 .text._malloc_r
                0x000000000011782c      0x7e0 /opt/devkitpro/devkitARM/bin/../lib/gcc/arm-none-eabi/11.1.0/../../../../arm-none-eabi/lib/armv6k/fpu/libg.a(lib_a-mallocr.o)
                0x000000000011782c                _malloc_r
 .text.memcmp   0x000000000011800c       0xa8 /opt/devkitpro/devkitARM/bin/../lib/gcc/arm-none-eabi/11.1.0/../../../../arm-none-eabi/lib/armv6k/fpu/libg.a(lib_a-memcmp.o)
                0x000000000011800c                memcmp
 .text.memcpy   0x00000000001180b4      0x11c /opt/devkitpro/devkitARM/bin/../lib/gcc/arm-none-eabi/11.1.0/../../../../arm-none-eabi/lib/armv6k/fpu/libg.a(lib_a-memcpy-stub.o)
                0x00000000001180b4                memcpy
 .text.memmove  0x00000000001181d0      0x154 /opt/devkitpro/devkitARM/bin/../lib/gcc/arm-none-eabi/11.1.0/../../../../arm-none-eabi/lib/armv6k/fpu/libg.a(lib_a-memmove.o)
                0x00000000001181d0                memmove
 .text.memset   0x0000000000118324      0x118 /opt/devkitpro/devkitARM/bin/../lib/gcc/arm-none-eabi/11.1.0/../../../../arm-none-eabi/lib/armv6k/fpu/libg.a(lib_a-memset.o)
                0x0000000000118324                memset
 .text.__malloc_lock
                0x000000000011843c        0xc /opt/devkitpro/devkitARM/bin/../lib/gcc/arm-none-eabi/11.1.0/../../../../arm-none-eabi/lib/armv6k/fpu/libg.a(lib_a-mlock.o)
                0x000000000011843c                __malloc_lock
 .text.__malloc_unlock
                0x0000000000118448        0xc /opt/devkitpro/devkitARM/bin/../lib/gcc/arm-none-eabi/11.1.0/../../../../arm-none-eabi/lib/armv6k/fpu/libg.a(lib_a-mlock.o)
                0x0000000000118448                __malloc_unlock
 .text.qsort    0x0000000000118454      0x958 /opt/devkitpro/devkitARM/bin/../lib/gcc/arm-none-eabi/11.1.0/../../../../arm-none-eabi/lib/armv6k/fpu/libg.a(lib_a-qsort.o)
                0x0000000000118454                qsort
 .text.srand    0x0000000000118dac       0x1c /opt/devkitpro/devkitARM/bin/../lib/gcc/arm-none-eabi/11.1.0/../../../../arm-none-eabi/lib/armv6k/fpu/libg.a(lib_a-rand.o)
                0x0000000000118dac                srand
 .text.rand     0x0000000000118dc8       0x44 /opt/devkitpro/devkitARM/bin/../lib/gcc/arm-none-eabi/11.1.0/../../../../arm-none-eabi/lib/armv6k/fpu/libg.a(lib_a-rand.o)
                0x0000000000118dc8                rand
 .text._realloc_r
                0x0000000000118e0c      0x558 /opt/devkitpro/devkitARM/bin/../lib/gcc/arm-none-eabi/11.1.0/../../../../arm-none-eabi/lib/armv6k/fpu/libg.a(lib_a-reallocr.o)
                0x0000000000118e0c                _realloc_r
 .text.lflush   0x0000000000119364       0x1c /opt/devkitpro/devkitARM/bin/../lib/gcc/arm-none-eabi/11.1.0/../../../../arm-none-eabi/lib/armv6k/fpu/libg.a(lib_a-refill.o)
 .text.__srefill_r
                0x0000000000119380      0x1ac /opt/devkitpro/devkitARM/bin/../lib/gcc/arm-none-eabi/11.1.0/../../../../arm-none-eabi/lib/armv6k/fpu/libg.a(lib_a-refill.o)
                0x0000000000119380                __srefill_r
 .text.snprintf
                0x000000000011952c       0xcc /opt/devkitpro/devkitARM/bin/../lib/gcc/arm-none-eabi/11.1.0/../../../../arm-none-eabi/lib/armv6k/fpu/libg.a(lib_a-snprintf.o)
                0x000000000011952c                snprintf
 .text.__sread  0x00000000001195f8       0x44 /opt/devkitpro/devkitARM/bin/../lib/gcc/arm-none-eabi/11.1.0/../../../../arm-none-eabi/lib/armv6k/fpu/libg.a(lib_a-stdio.o)
                0x00000000001195f8                __sread
 .text.__swrite
                0x000000000011963c       0x68 /opt/devkitpro/devkitARM/bin/../lib/gcc/arm-none-eabi/11.1.0/../../../../arm-none-eabi/lib/armv6k/fpu/libg.a(lib_a-stdio.o)
                0x000000000011963c                __swrite
 .text.__sseek  0x00000000001196a4       0x48 /opt/devkitpro/devkitARM/bin/../lib/gcc/arm-none-eabi/11.1.0/../../../../arm-none-eabi/lib/armv6k/fpu/libg.a(lib_a-stdio.o)
                0x00000000001196a4                __sseek
 .text.__sclose
                0x00000000001196ec        0x8 /opt/devkitpro/devkitARM/bin/../lib/gcc/arm-none-eabi/11.1.0/../../../../arm-none-eabi/lib/armv6k/fpu/libg.a(lib_a-stdio.o)
                0x00000000001196ec                __sclose
 .text.strchr   0x00000000001196f4      0x12c /opt/devkitpro/devkitARM/bin/../lib/gcc/arm-none-eabi/11.1.0/../../../../arm-none-eabi/lib/armv6k/fpu/libg.a(lib_a-strchr.o)
                0x00000000001196f4                strchr
 .text.strlen   0x0000000000119820       0x5c /opt/devkitpro/devkitARM/bin/../lib/gcc/arm-none-eabi/11.1.0/../../../../arm-none-eabi/lib/armv6k/fpu/libg.a(lib_a-strlen-stub.o)
                0x0000000000119820                strlen
 .text.strncat  0x000000000011987c       0xec /opt/devkitpro/devkitARM/bin/../lib/gcc/arm-none-eabi/11.1.0/../../../../arm-none-eabi/lib/armv6k/fpu/libg.a(lib_a-strncat.o)
                0x000000000011987c                strncat
 .text.strncmp  0x0000000000119968       0xdc /opt/devkitpro/devkitARM/bin/../lib/gcc/arm-none-eabi/11.1.0/../../../../arm-none-eabi/lib/armv6k/fpu/libg.a(lib_a-strncmp.o)
                0x0000000000119968                strncmp
 .text.strncpy  0x0000000000119a44       0xc0 /opt/devkitpro/devkitARM/bin/../lib/gcc/arm-none-eabi/11.1.0/../../../../arm-none-eabi/lib/armv6k/fpu/libg.a(lib_a-strncpy.o)
                0x0000000000119a44                strncpy
 .text.strnlen  0x0000000000119b04       0x48 /opt/devkitpro/devkitARM/bin/../lib/gcc/arm-none-eabi/11.1.0/../../../../arm-none-eabi/lib/armv6k/fpu/libg.a(lib_a-strnlen.o)
                0x0000000000119b04                strnlen
 .text.get_arg  0x0000000000119b4c      0x628 /opt/devkitpro/devkitARM/bin/../lib/gcc/arm-none-eabi/11.1.0/../../../../arm-none-eabi/lib/armv6k/fpu/libg.a(lib_a-svfprintf.o)
 *fill*         0x000000000011a174        0x4 
 .text._svfprintf_r
                0x000000000011a178     0x35b8 /opt/devkitpro/devkitARM/bin/../lib/gcc/arm-none-eabi/11.1.0/../../../../arm-none-eabi/lib/armv6k/fpu/libg.a(lib_a-svfprintf.o)
                0x000000000011a178                _svfprintf_r
 .text.time     0x000000000011d730       0x3c /opt/devkitpro/devkitARM/bin/../lib/gcc/arm-none-eabi/11.1.0/../../../../arm-none-eabi/lib/armv6k/fpu/libg.a(lib_a-time.o)
                0x000000000011d730                time
 .text._wcrtomb_r
                0x000000000011d76c       0x54 /opt/devkitpro/devkitARM/bin/../lib/gcc/arm-none-eabi/11.1.0/../../../../arm-none-eabi/lib/armv6k/fpu/libg.a(lib_a-wcrtomb.o)
                0x000000000011d76c                _wcrtomb_r
 .text._wcsrtombs_r
                0x000000000011d7c0       0x28 /opt/devkitpro/devkitARM/bin/../lib/gcc/arm-none-eabi/11.1.0/../../../../arm-none-eabi/lib/armv6k/fpu/libg.a(lib_a-wcsrtombs.o)
                0x000000000011d7c0                _wcsrtombs_r
 .text.__call_exitprocs
                0x000000000011d7e8      0x114 /opt/devkitpro/devkitARM/bin/../lib/gcc/arm-none-eabi/11.1.0/../../../../arm-none-eabi/lib/armv6k/fpu/libg.a(lib_a-__call_atexit.o)
                0x000000000011d7e8                __call_exitprocs
 .text.quorem   0x000000000011d8fc      0x1ac /opt/devkitpro/devkitARM/bin/../lib/gcc/arm-none-eabi/11.1.0/../../../../arm-none-eabi/lib/armv6k/fpu/libg.a(lib_a-dtoa.o)
 .text._dtoa_r  0x000000000011daa8     0x12cc /opt/devkitpro/devkitARM/bin/../lib/gcc/arm-none-eabi/11.1.0/../../../../arm-none-eabi/lib/armv6k/fpu/libg.a(lib_a-dtoa.o)
                0x000000000011daa8                _dtoa_r
 .text.__sflags
                0x000000000011ed74       0xcc /opt/devkitpro/devkitARM/bin/../lib/gcc/arm-none-eabi/11.1.0/../../../../arm-none-eabi/lib/armv6k/fpu/libg.a(lib_a-flags.o)
                0x000000000011ed74                __sflags
 .text._localeconv_r
                0x000000000011ee40        0xc /opt/devkitpro/devkitARM/bin/../lib/gcc/arm-none-eabi/11.1.0/../../../../arm-none-eabi/lib/armv6k/fpu/libg.a(lib_a-localeconv.o)
                0x000000000011ee40                _localeconv_r
 .text.__locale_mb_cur_max
                0x000000000011ee4c       0x10 /opt/devkitpro/devkitARM/bin/../lib/gcc/arm-none-eabi/11.1.0/../../../../arm-none-eabi/lib/armv6k/fpu/libg.a(lib_a-locale.o)
                0x000000000011ee4c                __locale_mb_cur_max
 .text.__utf8_mbtowc
                0x000000000011ee5c      0x2e4 /opt/devkitpro/devkitARM/bin/../lib/gcc/arm-none-eabi/11.1.0/../../../../arm-none-eabi/lib/armv6k/fpu/libg.a(lib_a-mbtowc_r.o)
                0x000000000011ee5c                __utf8_mbtowc
 .text.memchr   0x000000000011f140       0xe0 /opt/devkitpro/devkitARM/bin/../lib/gcc/arm-none-eabi/11.1.0/../../../../arm-none-eabi/lib/armv6k/fpu/libg.a(lib_a-memchr-stub.o)
                0x000000000011f140                memchr
 .text._Balloc  0x000000000011f220       0x88 /opt/devkitpro/devkitARM/bin/../lib/gcc/arm-none-eabi/11.1.0/../../../../arm-none-eabi/lib/armv6k/fpu/libg.a(lib_a-mprec.o)
                0x000000000011f220                _Balloc
 .text._Bfree   0x000000000011f2a8       0x1c /opt/devkitpro/devkitARM/bin/../lib/gcc/arm-none-eabi/11.1.0/../../../../arm-none-eabi/lib/armv6k/fpu/libg.a(lib_a-mprec.o)
                0x000000000011f2a8                _Bfree
 .text.__multadd
                0x000000000011f2c4       0xf4 /opt/devkitpro/devkitARM/bin/../lib/gcc/arm-none-eabi/11.1.0/../../../../arm-none-eabi/lib/armv6k/fpu/libg.a(lib_a-mprec.o)
                0x000000000011f2c4                __multadd
 .text.__hi0bits
                0x000000000011f3b8       0x58 /opt/devkitpro/devkitARM/bin/../lib/gcc/arm-none-eabi/11.1.0/../../../../arm-none-eabi/lib/armv6k/fpu/libg.a(lib_a-mprec.o)
                0x000000000011f3b8                __hi0bits
 .text.__lo0bits
                0x000000000011f410       0x94 /opt/devkitpro/devkitARM/bin/../lib/gcc/arm-none-eabi/11.1.0/../../../../arm-none-eabi/lib/armv6k/fpu/libg.a(lib_a-mprec.o)
                0x000000000011f410                __lo0bits
 .text.__i2b    0x000000000011f4a4       0xa4 /opt/devkitpro/devkitARM/bin/../lib/gcc/arm-none-eabi/11.1.0/../../../../arm-none-eabi/lib/armv6k/fpu/libg.a(lib_a-mprec.o)
                0x000000000011f4a4                __i2b
 .text.__multiply
                0x000000000011f548      0x204 /opt/devkitpro/devkitARM/bin/../lib/gcc/arm-none-eabi/11.1.0/../../../../arm-none-eabi/lib/armv6k/fpu/libg.a(lib_a-mprec.o)
                0x000000000011f548                __multiply
 .text.__pow5mult
                0x000000000011f74c      0x120 /opt/devkitpro/devkitARM/bin/../lib/gcc/arm-none-eabi/11.1.0/../../../../arm-none-eabi/lib/armv6k/fpu/libg.a(lib_a-mprec.o)
                0x000000000011f74c                __pow5mult
 .text.__lshift
                0x000000000011f86c      0x13c /opt/devkitpro/devkitARM/bin/../lib/gcc/arm-none-eabi/11.1.0/../../../../arm-none-eabi/lib/armv6k/fpu/libg.a(lib_a-mprec.o)
                0x000000000011f86c                __lshift
 .text.__mcmp   0x000000000011f9a8       0x58 /opt/devkitpro/devkitARM/bin/../lib/gcc/arm-none-eabi/11.1.0/../../../../arm-none-eabi/lib/armv6k/fpu/libg.a(lib_a-mprec.o)
                0x000000000011f9a8                __mcmp
 .text.__mdiff  0x000000000011fa00      0x1cc /opt/devkitpro/devkitARM/bin/../lib/gcc/arm-none-eabi/11.1.0/../../../../arm-none-eabi/lib/armv6k/fpu/libg.a(lib_a-mprec.o)
                0x000000000011fa00                __mdiff
 .text.__d2b    0x000000000011fbcc      0x124 /opt/devkitpro/devkitARM/bin/../lib/gcc/arm-none-eabi/11.1.0/../../../../arm-none-eabi/lib/armv6k/fpu/libg.a(lib_a-mprec.o)
                0x000000000011fbcc                __d2b
 .text.frexp    0x000000000011fcf0       0xa8 /opt/devkitpro/devkitARM/bin/../lib/gcc/arm-none-eabi/11.1.0/../../../../arm-none-eabi/lib/armv6k/fpu/libg.a(lib_a-s_frexp.o)
                0x000000000011fcf0                frexp
 .text.__ssprint_r
                0x000000000011fd98      0x190 /opt/devkitpro/devkitARM/bin/../lib/gcc/arm-none-eabi/11.1.0/../../../../arm-none-eabi/lib/armv6k/fpu/libg.a(lib_a-svfiprintf.o)
                0x000000000011fd98                __ssprint_r
 .text._wcsnrtombs_l
                0x000000000011ff28      0x190 /opt/devkitpro/devkitARM/bin/../lib/gcc/arm-none-eabi/11.1.0/../../../../arm-none-eabi/lib/armv6k/fpu/libg.a(lib_a-wcsnrtombs.o)
                0x000000000011ff28                _wcsnrtombs_l
 .text._wcsnrtombs_r
                0x00000000001200b8       0x4c /opt/devkitpro/devkitARM/bin/../lib/gcc/arm-none-eabi/11.1.0/../../../../arm-none-eabi/lib/armv6k/fpu/libg.a(lib_a-wcsnrtombs.o)
                0x00000000001200b8                _wcsnrtombs_r